
         /\      Grafana   /‾‾/  
    /\  /  \     |\  __   /  /   
   /  \/    \    | |/ /  /   ‾‾\ 
  /          \   |   (  |  (‾)  |
 / __________ \  |_|\_\  \_____/ 


     execution: local
        script: -
        output: -

     scenarios: (100.00%) 1 scenario, 50 max VUs, 10m30s max duration (incl. graceful stop):
              * learning_flow: 1 iterations for each of 50 VUs (maxDuration: 10m0s, gracefulStop: 30s)


running (00m01.0s), 50/50 VUs, 0 complete and 0 interrupted iterations
learning_flow   [   0% ] 50 VUs  00m01.0s/10m0s  00/50 iters, 1 per VU

running (00m02.0s), 50/50 VUs, 0 complete and 0 interrupted iterations
learning_flow   [   0% ] 50 VUs  00m02.0s/10m0s  00/50 iters, 1 per VU

running (00m03.0s), 50/50 VUs, 0 complete and 0 interrupted iterations
learning_flow   [   0% ] 50 VUs  00m03.0s/10m0s  00/50 iters, 1 per VU

running (00m04.0s), 50/50 VUs, 0 complete and 0 interrupted iterations
learning_flow   [   0% ] 50 VUs  00m04.0s/10m0s  00/50 iters, 1 per VU

running (00m05.0s), 50/50 VUs, 0 complete and 0 interrupted iterations
learning_flow   [   0% ] 50 VUs  00m05.0s/10m0s  00/50 iters, 1 per VU

running (00m06.0s), 50/50 VUs, 0 complete and 0 interrupted iterations
learning_flow   [   0% ] 50 VUs  00m06.0s/10m0s  00/50 iters, 1 per VU

running (00m07.0s), 50/50 VUs, 0 complete and 0 interrupted iterations
learning_flow   [   0% ] 50 VUs  00m07.0s/10m0s  00/50 iters, 1 per VU

running (00m08.0s), 50/50 VUs, 0 complete and 0 interrupted iterations
learning_flow   [   0% ] 50 VUs  00m08.0s/10m0s  00/50 iters, 1 per VU

running (00m09.0s), 50/50 VUs, 0 complete and 0 interrupted iterations
learning_flow   [   0% ] 50 VUs  00m09.0s/10m0s  00/50 iters, 1 per VU

running (00m10.0s), 50/50 VUs, 0 complete and 0 interrupted iterations
learning_flow   [   0% ] 50 VUs  00m10.0s/10m0s  00/50 iters, 1 per VU

running (00m11.0s), 50/50 VUs, 0 complete and 0 interrupted iterations
learning_flow   [   0% ] 50 VUs  00m11.0s/10m0s  00/50 iters, 1 per VU

running (00m12.0s), 50/50 VUs, 0 complete and 0 interrupted iterations
learning_flow   [   0% ] 50 VUs  00m12.0s/10m0s  00/50 iters, 1 per VU

running (00m13.0s), 50/50 VUs, 0 complete and 0 interrupted iterations
learning_flow   [   0% ] 50 VUs  00m13.0s/10m0s  00/50 iters, 1 per VU

running (00m14.0s), 50/50 VUs, 0 complete and 0 interrupted iterations
learning_flow   [   0% ] 50 VUs  00m14.0s/10m0s  00/50 iters, 1 per VU

running (00m15.0s), 50/50 VUs, 0 complete and 0 interrupted iterations
learning_flow   [   0% ] 50 VUs  00m15.0s/10m0s  00/50 iters, 1 per VU

running (00m16.0s), 50/50 VUs, 0 complete and 0 interrupted iterations
learning_flow   [   0% ] 50 VUs  00m16.0s/10m0s  00/50 iters, 1 per VU

running (00m17.0s), 50/50 VUs, 0 complete and 0 interrupted iterations
learning_flow   [   0% ] 50 VUs  00m17.0s/10m0s  00/50 iters, 1 per VU

running (00m18.0s), 50/50 VUs, 0 complete and 0 interrupted iterations
learning_flow   [   0% ] 50 VUs  00m18.0s/10m0s  00/50 iters, 1 per VU

running (00m19.0s), 50/50 VUs, 0 complete and 0 interrupted iterations
learning_flow   [   0% ] 50 VUs  00m19.0s/10m0s  00/50 iters, 1 per VU

running (00m20.0s), 50/50 VUs, 0 complete and 0 interrupted iterations
learning_flow   [   0% ] 50 VUs  00m20.0s/10m0s  00/50 iters, 1 per VU

running (00m21.0s), 50/50 VUs, 0 complete and 0 interrupted iterations
learning_flow   [   0% ] 50 VUs  00m21.0s/10m0s  00/50 iters, 1 per VU

running (00m22.0s), 50/50 VUs, 0 complete and 0 interrupted iterations
learning_flow   [   0% ] 50 VUs  00m22.0s/10m0s  00/50 iters, 1 per VU

running (00m23.0s), 50/50 VUs, 0 complete and 0 interrupted iterations
learning_flow   [   0% ] 50 VUs  00m23.0s/10m0s  00/50 iters, 1 per VU

running (00m24.0s), 50/50 VUs, 0 complete and 0 interrupted iterations
learning_flow   [   0% ] 50 VUs  00m24.0s/10m0s  00/50 iters, 1 per VU

running (00m25.0s), 50/50 VUs, 0 complete and 0 interrupted iterations
learning_flow   [   0% ] 50 VUs  00m25.0s/10m0s  00/50 iters, 1 per VU

running (00m26.0s), 50/50 VUs, 0 complete and 0 interrupted iterations
learning_flow   [   0% ] 50 VUs  00m26.0s/10m0s  00/50 iters, 1 per VU

running (00m27.0s), 50/50 VUs, 0 complete and 0 interrupted iterations
learning_flow   [   0% ] 50 VUs  00m27.0s/10m0s  00/50 iters, 1 per VU

running (00m28.0s), 50/50 VUs, 0 complete and 0 interrupted iterations
learning_flow   [   0% ] 50 VUs  00m28.0s/10m0s  00/50 iters, 1 per VU

running (00m29.0s), 50/50 VUs, 0 complete and 0 interrupted iterations
learning_flow   [   0% ] 50 VUs  00m29.0s/10m0s  00/50 iters, 1 per VU

running (00m30.0s), 50/50 VUs, 0 complete and 0 interrupted iterations
learning_flow   [   0% ] 50 VUs  00m30.0s/10m0s  00/50 iters, 1 per VU

running (00m31.0s), 50/50 VUs, 0 complete and 0 interrupted iterations
learning_flow   [   0% ] 50 VUs  00m31.0s/10m0s  00/50 iters, 1 per VU

running (00m32.0s), 50/50 VUs, 0 complete and 0 interrupted iterations
learning_flow   [   0% ] 50 VUs  00m32.0s/10m0s  00/50 iters, 1 per VU

running (00m33.0s), 50/50 VUs, 0 complete and 0 interrupted iterations
learning_flow   [   0% ] 50 VUs  00m33.0s/10m0s  00/50 iters, 1 per VU

running (00m34.0s), 50/50 VUs, 0 complete and 0 interrupted iterations
learning_flow   [   0% ] 50 VUs  00m34.0s/10m0s  00/50 iters, 1 per VU

running (00m35.0s), 50/50 VUs, 0 complete and 0 interrupted iterations
learning_flow   [   0% ] 50 VUs  00m35.0s/10m0s  00/50 iters, 1 per VU

running (00m36.0s), 50/50 VUs, 0 complete and 0 interrupted iterations
learning_flow   [   0% ] 50 VUs  00m36.0s/10m0s  00/50 iters, 1 per VU

running (00m37.0s), 50/50 VUs, 0 complete and 0 interrupted iterations
learning_flow   [   0% ] 50 VUs  00m37.0s/10m0s  00/50 iters, 1 per VU

running (00m38.0s), 50/50 VUs, 0 complete and 0 interrupted iterations
learning_flow   [   0% ] 50 VUs  00m38.0s/10m0s  00/50 iters, 1 per VU

running (00m39.0s), 50/50 VUs, 0 complete and 0 interrupted iterations
learning_flow   [   0% ] 50 VUs  00m39.0s/10m0s  00/50 iters, 1 per VU

running (00m40.0s), 50/50 VUs, 0 complete and 0 interrupted iterations
learning_flow   [   0% ] 50 VUs  00m40.0s/10m0s  00/50 iters, 1 per VU

running (00m41.0s), 50/50 VUs, 0 complete and 0 interrupted iterations
learning_flow   [   0% ] 50 VUs  00m41.0s/10m0s  00/50 iters, 1 per VU

running (00m42.0s), 50/50 VUs, 0 complete and 0 interrupted iterations
learning_flow   [   0% ] 50 VUs  00m42.0s/10m0s  00/50 iters, 1 per VU

running (00m43.0s), 50/50 VUs, 0 complete and 0 interrupted iterations
learning_flow   [   0% ] 50 VUs  00m43.0s/10m0s  00/50 iters, 1 per VU

running (00m44.0s), 50/50 VUs, 0 complete and 0 interrupted iterations
learning_flow   [   0% ] 50 VUs  00m44.0s/10m0s  00/50 iters, 1 per VU

running (00m45.0s), 50/50 VUs, 0 complete and 0 interrupted iterations
learning_flow   [   0% ] 50 VUs  00m45.0s/10m0s  00/50 iters, 1 per VU

running (00m46.0s), 50/50 VUs, 0 complete and 0 interrupted iterations
learning_flow   [   0% ] 50 VUs  00m46.0s/10m0s  00/50 iters, 1 per VU

running (00m47.0s), 50/50 VUs, 0 complete and 0 interrupted iterations
learning_flow   [   0% ] 50 VUs  00m47.0s/10m0s  00/50 iters, 1 per VU

running (00m48.0s), 50/50 VUs, 0 complete and 0 interrupted iterations
learning_flow   [   0% ] 50 VUs  00m48.0s/10m0s  00/50 iters, 1 per VU

running (00m49.0s), 40/50 VUs, 10 complete and 0 interrupted iterations
learning_flow   [  20% ] 50 VUs  00m49.0s/10m0s  10/50 iters, 1 per VU

running (00m50.0s), 36/50 VUs, 14 complete and 0 interrupted iterations
learning_flow   [  28% ] 50 VUs  00m50.0s/10m0s  14/50 iters, 1 per VU

running (00m51.0s), 20/50 VUs, 30 complete and 0 interrupted iterations
learning_flow   [  60% ] 50 VUs  00m51.0s/10m0s  30/50 iters, 1 per VU

running (00m52.0s), 01/50 VUs, 49 complete and 0 interrupted iterations
learning_flow   [  98% ] 50 VUs  00m52.0s/10m0s  49/50 iters, 1 per VU


  █ THRESHOLDS 

    http_req_duration
    ✗ 'p(95)<3000' p(95)=9.62s

      {phase:cold}
      ✓ 'p(95)<3600000' p(95)=0s

      {phase:warm}
      ✓ 'p(95)<3600000' p(95)=9.62s

    http_req_failed
    ✓ 'rate<0.01' rate=0.28%

    http_reqs
    ✓ 'rate>1' rate=13.456086/s

      {phase:cold}
      ✓ 'count>=0' count=0

      {phase:warm}
      ✓ 'count>=0' count=700

    learning_answers_submitted
    ✓ 'count>0' count=498

    learning_attendance_blocked
    ✓ 'count==0' count=0


  █ TOTAL RESULTS 

    checks_total.......: 700    13.456086/s
    checks_succeeded...: 99.71% 698 out of 700
    checks_failed......: 0.28%  2 out of 700

    ✓ dev-token 200
    ✓ create session 200
    ✓ select student 200
    ✓ select topic 200
    ✗ answer 200
      ↳  99% — ✓ 498 / ✗ 2

    CUSTOM
    learning_answer................: avg=3.73s    min=167.92ms med=3.33s    max=12.48s   p(50)=3.33s    p(90)=6.95s    p(95)=8.64s    p(99)=9.7s    
    learning_answers_submitted.....: 498    9.573044/s
    learning_attendance_blocked....: 0      0/s
    learning_create_session........: avg=141.38ms min=60.41ms  med=135.96ms max=248.06ms p(50)=135.96ms p(90)=236.94ms p(95)=242.61ms p(99)=245.74ms
    learning_dev_token.............: avg=195.05ms min=90.4ms   med=137.32ms max=386.51ms p(50)=137.32ms p(90)=357.63ms p(95)=369.46ms p(99)=381.83ms
    learning_flow_total............: avg=50.42s   min=48.16s   med=50.78s   max=52.02s   p(50)=50.78s   p(90)=51.55s   p(95)=51.75s   p(99)=51.91s  
    learning_select_student........: avg=2.87s    min=1.91s    med=2.2s     max=7.62s    p(50)=2.2s     p(90)=5.54s    p(95)=6s       p(99)=7.42s   
    learning_select_topic..........: avg=9.7s     min=4.68s    med=9.84s    max=12.15s   p(50)=9.84s    p(90)=11.37s   p(95)=11.5s    p(99)=11.96s  
    learning_status_4xx............: 0      0/s
    learning_status_5xx............: 2      0.038446/s

    HTTP
    http_req_duration..............: avg=3.59s    min=60.41ms  med=3.01s    max=12.48s   p(50)=3.01s    p(90)=8.39s    p(95)=9.62s    p(99)=11.09s  
      { expected_response:true }...: avg=3.59s    min=60.41ms  med=3.02s    max=12.48s   p(50)=3.02s    p(90)=8.42s    p(95)=9.63s    p(99)=11.09s  
      { phase:cold }...............: avg=0s       min=0s       med=0s       max=0s       p(50)=0s       p(90)=0s       p(95)=0s       p(99)=0s      
      { phase:warm }...............: avg=3.59s    min=60.41ms  med=3.01s    max=12.48s   p(50)=3.01s    p(90)=8.39s    p(95)=9.62s    p(99)=11.09s  
    http_req_failed................: 0.28%  2 out of 700
    http_reqs......................: 700    13.456086/s
      { phase:cold }...............: 0      0/s
      { phase:warm }...............: 700    13.456086/s

    EXECUTION
    iteration_duration.............: avg=50.42s   min=48.16s   med=50.78s   max=52.02s   p(50)=50.78s   p(90)=51.55s   p(95)=51.75s   p(99)=51.91s  
    iterations.....................: 50     0.961149/s
    vus............................: 1      min=1        max=50
    vus_max........................: 50     min=50       max=50

    NETWORK
    data_received..................: 2.9 MB 57 kB/s
    data_sent......................: 278 kB 5.3 kB/s




running (00m52.0s), 00/50 VUs, 50 complete and 0 interrupted iterations
learning_flow ✓ [ 100% ] 50 VUs  00m52.0s/10m0s  50/50 iters, 1 per VU
time="2026-08-29T19:34:28Z" level=error msg="thresholds on metrics 'http_req_duration' have been crossed"
make: *** [load-staging-learning-sustained] Error 99
