
         /\      Grafana   /‾‾/  
    /\  /  \     |\  __   /  /   
   /  \/    \    | |/ /  /   ‾‾\ 
  /          \   |   (  |  (‾)  |
 / __________ \  |_|\_\  \_____/ 


     execution: local
        script: -
        output: -

     scenarios: (100.00%) 1 scenario, 10 max VUs, 10m30s max duration (incl. graceful stop):
              * learning_flow: 1 iterations for each of 10 VUs (maxDuration: 10m0s, gracefulStop: 30s)


running (00m01.0s), 10/10 VUs, 0 complete and 0 interrupted iterations
learning_flow   [   0% ] 10 VUs  00m01.0s/10m0s  00/10 iters, 1 per VU

running (00m02.0s), 10/10 VUs, 0 complete and 0 interrupted iterations
learning_flow   [   0% ] 10 VUs  00m02.0s/10m0s  00/10 iters, 1 per VU

running (00m03.0s), 10/10 VUs, 0 complete and 0 interrupted iterations
learning_flow   [   0% ] 10 VUs  00m03.0s/10m0s  00/10 iters, 1 per VU

running (00m04.0s), 10/10 VUs, 0 complete and 0 interrupted iterations
learning_flow   [   0% ] 10 VUs  00m04.0s/10m0s  00/10 iters, 1 per VU


  █ THRESHOLDS 

    http_req_duration
    ✓ 'p(95)<3000' p(95)=647.61ms

      {phase:cold}
      ✓ 'p(95)<3600000' p(95)=0s

      {phase:warm}
      ✓ 'p(95)<3600000' p(95)=647.61ms

    http_req_failed
    ✓ 'rate<0.01' rate=0.00%

    http_reqs
    ✓ 'rate>1' rate=28.761977/s

      {phase:cold}
      ✓ 'count>=0' count=0

      {phase:warm}
      ✓ 'count>=0' count=140

    learning_answers_submitted
    ✓ 'count>0' count=100

    learning_attendance_blocked
    ✓ 'count==0' count=0


  █ TOTAL RESULTS 

    checks_total.......: 140     28.761977/s
    checks_succeeded...: 100.00% 140 out of 140
    checks_failed......: 0.00%   0 out of 140

    ✓ dev-token 200
    ✓ create session 200
    ✓ select student 200
    ✓ select topic 200
    ✓ answer 200

    CUSTOM
    learning_answer................: avg=372.21ms min=179.09ms med=341.53ms max=787.23ms p(50)=341.53ms p(90)=580.7ms  p(95)=655.51ms p(99)=729.63ms
    learning_answers_submitted.....: 100    20.544269/s
    learning_attendance_blocked....: 0      0/s
    learning_create_session........: avg=81.07ms  min=58.52ms  med=91.38ms  max=96.27ms  p(50)=91.38ms  p(90)=96.07ms  p(95)=96.17ms  p(99)=96.25ms 
    learning_dev_token.............: avg=113.62ms min=98.33ms  med=116.16ms max=123.44ms p(50)=116.16ms p(90)=119.89ms p(95)=121.66ms p(99)=123.08ms
    learning_flow_total............: avg=4.7s     min=4.34s    med=4.75s    max=4.86s    p(50)=4.75s    p(90)=4.83s    p(95)=4.85s    p(99)=4.86s   
    learning_select_student........: avg=204.55ms min=171.6ms  med=205.88ms max=239.38ms p(50)=205.88ms p(90)=227.17ms p(95)=233.27ms p(99)=238.15ms
    learning_select_topic..........: avg=384.38ms min=247.97ms med=386.83ms max=559.9ms  p(50)=386.83ms p(90)=452.32ms p(95)=506.11ms p(99)=549.14ms
    learning_status_4xx............: 0      0/s
    learning_status_5xx............: 0      0/s

    HTTP
    http_req_duration..............: avg=321.84ms min=58.52ms  med=317.26ms max=787.23ms p(50)=317.26ms p(90)=529.31ms p(95)=647.61ms p(99)=723.92ms
      { expected_response:true }...: avg=321.84ms min=58.52ms  med=317.26ms max=787.23ms p(50)=317.26ms p(90)=529.31ms p(95)=647.61ms p(99)=723.92ms
      { phase:cold }...............: avg=0s       min=0s       med=0s       max=0s       p(50)=0s       p(90)=0s       p(95)=0s       p(99)=0s      
      { phase:warm }...............: avg=321.84ms min=58.52ms  med=317.26ms max=787.23ms p(50)=317.26ms p(90)=529.31ms p(95)=647.61ms p(99)=723.92ms
    http_req_failed................: 0.00%  0 out of 140
    http_reqs......................: 140    28.761977/s
      { phase:cold }...............: 0      0/s
      { phase:warm }...............: 140    28.761977/s

    EXECUTION
    iteration_duration.............: avg=4.7s     min=4.34s    med=4.75s    max=4.86s    p(50)=4.75s    p(90)=4.83s    p(95)=4.85s    p(99)=4.86s   
    iterations.....................: 10     2.054427/s
    vus............................: 10     min=10       max=10
    vus_max........................: 10     min=10       max=10

    NETWORK
    data_received..................: 589 kB 121 kB/s
    data_sent......................: 56 kB  11 kB/s




running (00m04.9s), 00/10 VUs, 10 complete and 0 interrupted iterations
learning_flow ✓ [ 100% ] 10 VUs  00m04.9s/10m0s  10/10 iters, 1 per VU
