
         /\      Grafana   /‾‾/  
    /\  /  \     |\  __   /  /   
   /  \/    \    | |/ /  /   ‾‾\ 
  /          \   |   (  |  (‾)  |
 / __________ \  |_|\_\  \_____/ 


     execution: local
        script: -
        output: -

     scenarios: (100.00%) 1 scenario, 25 max VUs, 11m0s max duration (incl. graceful stop):
              * learning_flow: 25 looping VUs for 10m0s (gracefulStop: 1m0s)


running (00m01.0s), 25/25 VUs, 0 complete and 0 interrupted iterations
learning_flow   [   0% ] 25 VUs  00m01.0s/10m0s

running (00m02.0s), 25/25 VUs, 0 complete and 0 interrupted iterations
learning_flow   [   0% ] 25 VUs  00m02.0s/10m0s

running (00m03.0s), 25/25 VUs, 0 complete and 0 interrupted iterations
learning_flow   [   0% ] 25 VUs  00m03.0s/10m0s

running (00m04.0s), 25/25 VUs, 0 complete and 0 interrupted iterations
learning_flow   [   1% ] 25 VUs  00m04.0s/10m0s

running (00m05.0s), 25/25 VUs, 0 complete and 0 interrupted iterations
learning_flow   [   1% ] 25 VUs  00m05.0s/10m0s

running (00m06.0s), 25/25 VUs, 0 complete and 0 interrupted iterations
learning_flow   [   1% ] 25 VUs  00m06.0s/10m0s

running (00m07.0s), 25/25 VUs, 0 complete and 0 interrupted iterations
learning_flow   [   1% ] 25 VUs  00m07.0s/10m0s

running (00m08.0s), 25/25 VUs, 0 complete and 0 interrupted iterations
learning_flow   [   1% ] 25 VUs  00m08.0s/10m0s

running (00m09.0s), 25/25 VUs, 2 complete and 0 interrupted iterations
learning_flow   [   1% ] 25 VUs  00m09.0s/10m0s

running (00m10.0s), 25/25 VUs, 4 complete and 0 interrupted iterations
learning_flow   [   2% ] 25 VUs  00m10.0s/10m0s

running (00m11.0s), 25/25 VUs, 4 complete and 0 interrupted iterations
learning_flow   [   2% ] 25 VUs  00m11.0s/10m0s

running (00m12.0s), 25/25 VUs, 4 complete and 0 interrupted iterations
learning_flow   [   2% ] 25 VUs  00m12.0s/10m0s

running (00m13.0s), 25/25 VUs, 8 complete and 0 interrupted iterations
learning_flow   [   2% ] 25 VUs  00m13.0s/10m0s

running (00m14.0s), 25/25 VUs, 14 complete and 0 interrupted iterations
learning_flow   [   2% ] 25 VUs  00m14.0s/10m0s

running (00m15.0s), 25/25 VUs, 17 complete and 0 interrupted iterations
learning_flow   [   2% ] 25 VUs  00m15.0s/10m0s

running (00m16.0s), 25/25 VUs, 20 complete and 0 interrupted iterations
learning_flow   [   3% ] 25 VUs  00m16.0s/10m0s

running (00m17.0s), 25/25 VUs, 22 complete and 0 interrupted iterations
learning_flow   [   3% ] 25 VUs  00m17.0s/10m0s

running (00m18.0s), 25/25 VUs, 22 complete and 0 interrupted iterations
learning_flow   [   3% ] 25 VUs  00m18.0s/10m0s

running (00m19.0s), 25/25 VUs, 24 complete and 0 interrupted iterations
learning_flow   [   3% ] 25 VUs  00m19.0s/10m0s

running (00m20.0s), 25/25 VUs, 25 complete and 0 interrupted iterations
learning_flow   [   3% ] 25 VUs  00m20.0s/10m0s

running (00m21.0s), 25/25 VUs, 26 complete and 0 interrupted iterations
learning_flow   [   3% ] 25 VUs  00m21.0s/10m0s

running (00m22.0s), 25/25 VUs, 29 complete and 0 interrupted iterations
learning_flow   [   4% ] 25 VUs  00m22.0s/10m0s

running (00m23.0s), 25/25 VUs, 32 complete and 0 interrupted iterations
learning_flow   [   4% ] 25 VUs  00m23.0s/10m0s

running (00m24.0s), 25/25 VUs, 34 complete and 0 interrupted iterations
learning_flow   [   4% ] 25 VUs  00m24.0s/10m0s

running (00m25.0s), 25/25 VUs, 39 complete and 0 interrupted iterations
learning_flow   [   4% ] 25 VUs  00m25.0s/10m0s

running (00m26.0s), 25/25 VUs, 40 complete and 0 interrupted iterations
learning_flow   [   4% ] 25 VUs  00m26.0s/10m0s

running (00m27.0s), 25/25 VUs, 42 complete and 0 interrupted iterations
learning_flow   [   4% ] 25 VUs  00m27.0s/10m0s

running (00m28.0s), 25/25 VUs, 44 complete and 0 interrupted iterations
learning_flow   [   5% ] 25 VUs  00m28.0s/10m0s

running (00m29.0s), 25/25 VUs, 45 complete and 0 interrupted iterations
learning_flow   [   5% ] 25 VUs  00m29.0s/10m0s

running (00m30.0s), 25/25 VUs, 46 complete and 0 interrupted iterations
learning_flow   [   5% ] 25 VUs  00m30.0s/10m0s

running (00m31.0s), 25/25 VUs, 47 complete and 0 interrupted iterations
learning_flow   [   5% ] 25 VUs  00m31.0s/10m0s

running (00m32.0s), 25/25 VUs, 50 complete and 0 interrupted iterations
learning_flow   [   5% ] 25 VUs  00m32.0s/10m0s

running (00m33.0s), 25/25 VUs, 50 complete and 0 interrupted iterations
learning_flow   [   5% ] 25 VUs  00m33.0s/10m0s

running (00m34.0s), 25/25 VUs, 53 complete and 0 interrupted iterations
learning_flow   [   6% ] 25 VUs  00m34.0s/10m0s

running (00m35.0s), 25/25 VUs, 54 complete and 0 interrupted iterations
learning_flow   [   6% ] 25 VUs  00m35.0s/10m0s

running (00m36.0s), 25/25 VUs, 56 complete and 0 interrupted iterations
learning_flow   [   6% ] 25 VUs  00m36.0s/10m0s

running (00m37.0s), 25/25 VUs, 59 complete and 0 interrupted iterations
learning_flow   [   6% ] 25 VUs  00m37.0s/10m0s

running (00m38.0s), 25/25 VUs, 59 complete and 0 interrupted iterations
learning_flow   [   6% ] 25 VUs  00m38.0s/10m0s

running (00m39.0s), 25/25 VUs, 59 complete and 0 interrupted iterations
learning_flow   [   6% ] 25 VUs  00m39.0s/10m0s

running (00m40.0s), 25/25 VUs, 59 complete and 0 interrupted iterations
learning_flow   [   7% ] 25 VUs  00m40.0s/10m0s

running (00m41.0s), 25/25 VUs, 61 complete and 0 interrupted iterations
learning_flow   [   7% ] 25 VUs  00m41.0s/10m0s

running (00m42.0s), 25/25 VUs, 63 complete and 0 interrupted iterations
learning_flow   [   7% ] 25 VUs  00m42.0s/10m0s

running (00m43.0s), 25/25 VUs, 67 complete and 0 interrupted iterations
learning_flow   [   7% ] 25 VUs  00m43.0s/10m0s

running (00m44.0s), 25/25 VUs, 69 complete and 0 interrupted iterations
learning_flow   [   7% ] 25 VUs  00m44.0s/10m0s

running (00m45.0s), 25/25 VUs, 72 complete and 0 interrupted iterations
learning_flow   [   7% ] 25 VUs  00m45.0s/10m0s

running (00m46.0s), 25/25 VUs, 74 complete and 0 interrupted iterations
learning_flow   [   8% ] 25 VUs  00m46.0s/10m0s

running (00m47.0s), 25/25 VUs, 74 complete and 0 interrupted iterations
learning_flow   [   8% ] 25 VUs  00m47.0s/10m0s

running (00m48.0s), 25/25 VUs, 75 complete and 0 interrupted iterations
learning_flow   [   8% ] 25 VUs  00m48.0s/10m0s

running (00m49.0s), 25/25 VUs, 76 complete and 0 interrupted iterations
learning_flow   [   8% ] 25 VUs  00m49.0s/10m0s

running (00m50.0s), 25/25 VUs, 80 complete and 0 interrupted iterations
learning_flow   [   8% ] 25 VUs  00m50.0s/10m0s

running (00m51.0s), 25/25 VUs, 81 complete and 0 interrupted iterations
learning_flow   [   8% ] 25 VUs  00m51.0s/10m0s

running (00m52.0s), 25/25 VUs, 84 complete and 0 interrupted iterations
learning_flow   [   9% ] 25 VUs  00m52.0s/10m0s

running (00m53.0s), 25/25 VUs, 85 complete and 0 interrupted iterations
learning_flow   [   9% ] 25 VUs  00m53.0s/10m0s

running (00m54.0s), 25/25 VUs, 88 complete and 0 interrupted iterations
learning_flow   [   9% ] 25 VUs  00m54.0s/10m0s

running (00m55.0s), 25/25 VUs, 88 complete and 0 interrupted iterations
learning_flow   [   9% ] 25 VUs  00m55.0s/10m0s

running (00m56.0s), 25/25 VUs, 88 complete and 0 interrupted iterations
learning_flow   [   9% ] 25 VUs  00m56.0s/10m0s

running (00m57.0s), 25/25 VUs, 88 complete and 0 interrupted iterations
learning_flow   [  10% ] 25 VUs  00m57.0s/10m0s

running (00m58.0s), 25/25 VUs, 92 complete and 0 interrupted iterations
learning_flow   [  10% ] 25 VUs  00m58.0s/10m0s

running (00m59.0s), 25/25 VUs, 93 complete and 0 interrupted iterations
learning_flow   [  10% ] 25 VUs  00m59.0s/10m0s

running (01m00.0s), 25/25 VUs, 93 complete and 0 interrupted iterations
learning_flow   [  10% ] 25 VUs  01m00.0s/10m0s

running (01m01.0s), 25/25 VUs, 95 complete and 0 interrupted iterations
learning_flow   [  10% ] 25 VUs  01m01.0s/10m0s

running (01m02.0s), 25/25 VUs, 97 complete and 0 interrupted iterations
learning_flow   [  10% ] 25 VUs  01m02.0s/10m0s

running (01m03.0s), 25/25 VUs, 98 complete and 0 interrupted iterations
learning_flow   [  10% ] 25 VUs  01m03.0s/10m0s

running (01m04.0s), 25/25 VUs, 101 complete and 0 interrupted iterations
learning_flow   [  11% ] 25 VUs  01m04.0s/10m0s

running (01m05.0s), 25/25 VUs, 103 complete and 0 interrupted iterations
learning_flow   [  11% ] 25 VUs  01m05.0s/10m0s

running (01m06.0s), 25/25 VUs, 105 complete and 0 interrupted iterations
learning_flow   [  11% ] 25 VUs  01m06.0s/10m0s

running (01m07.0s), 25/25 VUs, 106 complete and 0 interrupted iterations
learning_flow   [  11% ] 25 VUs  01m07.0s/10m0s

running (01m08.0s), 25/25 VUs, 106 complete and 0 interrupted iterations
learning_flow   [  11% ] 25 VUs  01m08.0s/10m0s

running (01m09.0s), 25/25 VUs, 106 complete and 0 interrupted iterations
learning_flow   [  11% ] 25 VUs  01m09.0s/10m0s

running (01m10.0s), 25/25 VUs, 106 complete and 0 interrupted iterations
learning_flow   [  12% ] 25 VUs  01m10.0s/10m0s

running (01m11.0s), 25/25 VUs, 106 complete and 0 interrupted iterations
learning_flow   [  12% ] 25 VUs  01m11.0s/10m0s

running (01m12.0s), 25/25 VUs, 106 complete and 0 interrupted iterations
learning_flow   [  12% ] 25 VUs  01m12.0s/10m0s

running (01m13.0s), 25/25 VUs, 108 complete and 0 interrupted iterations
learning_flow   [  12% ] 25 VUs  01m13.0s/10m0s

running (01m14.0s), 25/25 VUs, 108 complete and 0 interrupted iterations
learning_flow   [  12% ] 25 VUs  01m14.0s/10m0s

running (01m15.0s), 25/25 VUs, 109 complete and 0 interrupted iterations
learning_flow   [  12% ] 25 VUs  01m15.0s/10m0s

running (01m16.0s), 25/25 VUs, 111 complete and 0 interrupted iterations
learning_flow   [  13% ] 25 VUs  01m16.0s/10m0s

running (01m17.0s), 25/25 VUs, 116 complete and 0 interrupted iterations
learning_flow   [  13% ] 25 VUs  01m17.0s/10m0s

running (01m18.0s), 25/25 VUs, 117 complete and 0 interrupted iterations
learning_flow   [  13% ] 25 VUs  01m18.0s/10m0s

running (01m19.0s), 25/25 VUs, 118 complete and 0 interrupted iterations
learning_flow   [  13% ] 25 VUs  01m19.0s/10m0s

running (01m20.0s), 25/25 VUs, 119 complete and 0 interrupted iterations
learning_flow   [  13% ] 25 VUs  01m20.0s/10m0s

running (01m21.0s), 25/25 VUs, 119 complete and 0 interrupted iterations
learning_flow   [  13% ] 25 VUs  01m21.0s/10m0s

running (01m22.0s), 25/25 VUs, 119 complete and 0 interrupted iterations
learning_flow   [  14% ] 25 VUs  01m22.0s/10m0s

running (01m23.0s), 25/25 VUs, 119 complete and 0 interrupted iterations
learning_flow   [  14% ] 25 VUs  01m23.0s/10m0s

running (01m24.0s), 25/25 VUs, 119 complete and 0 interrupted iterations
learning_flow   [  14% ] 25 VUs  01m24.0s/10m0s

running (01m25.0s), 25/25 VUs, 119 complete and 0 interrupted iterations
learning_flow   [  14% ] 25 VUs  01m25.0s/10m0s

running (01m26.0s), 25/25 VUs, 120 complete and 0 interrupted iterations
learning_flow   [  14% ] 25 VUs  01m26.0s/10m0s

running (01m27.0s), 25/25 VUs, 120 complete and 0 interrupted iterations
learning_flow   [  15% ] 25 VUs  01m27.0s/10m0s

running (01m28.0s), 25/25 VUs, 120 complete and 0 interrupted iterations
learning_flow   [  15% ] 25 VUs  01m28.0s/10m0s

running (01m29.0s), 25/25 VUs, 123 complete and 0 interrupted iterations
learning_flow   [  15% ] 25 VUs  01m29.0s/10m0s

running (01m30.0s), 25/25 VUs, 123 complete and 0 interrupted iterations
learning_flow   [  15% ] 25 VUs  01m30.0s/10m0s

running (01m31.0s), 25/25 VUs, 125 complete and 0 interrupted iterations
learning_flow   [  15% ] 25 VUs  01m31.0s/10m0s

running (01m32.0s), 25/25 VUs, 127 complete and 0 interrupted iterations
learning_flow   [  15% ] 25 VUs  01m32.0s/10m0s

running (01m33.0s), 25/25 VUs, 128 complete and 0 interrupted iterations
learning_flow   [  16% ] 25 VUs  01m33.0s/10m0s

running (01m34.0s), 25/25 VUs, 132 complete and 0 interrupted iterations
learning_flow   [  16% ] 25 VUs  01m34.0s/10m0s

running (01m35.0s), 25/25 VUs, 133 complete and 0 interrupted iterations
learning_flow   [  16% ] 25 VUs  01m35.0s/10m0s

running (01m36.0s), 25/25 VUs, 136 complete and 0 interrupted iterations
learning_flow   [  16% ] 25 VUs  01m36.0s/10m0s

running (01m37.0s), 25/25 VUs, 137 complete and 0 interrupted iterations
learning_flow   [  16% ] 25 VUs  01m37.0s/10m0s

running (01m38.0s), 25/25 VUs, 137 complete and 0 interrupted iterations
learning_flow   [  16% ] 25 VUs  01m38.0s/10m0s

running (01m39.0s), 25/25 VUs, 139 complete and 0 interrupted iterations
learning_flow   [  17% ] 25 VUs  01m39.0s/10m0s

running (01m40.0s), 25/25 VUs, 140 complete and 0 interrupted iterations
learning_flow   [  17% ] 25 VUs  01m40.0s/10m0s

running (01m41.0s), 25/25 VUs, 141 complete and 0 interrupted iterations
learning_flow   [  17% ] 25 VUs  01m41.0s/10m0s

running (01m42.0s), 25/25 VUs, 143 complete and 0 interrupted iterations
learning_flow   [  17% ] 25 VUs  01m42.0s/10m0s

running (01m43.0s), 25/25 VUs, 148 complete and 0 interrupted iterations
learning_flow   [  17% ] 25 VUs  01m43.0s/10m0s

running (01m44.0s), 25/25 VUs, 149 complete and 0 interrupted iterations
learning_flow   [  17% ] 25 VUs  01m44.0s/10m0s

running (01m45.0s), 25/25 VUs, 152 complete and 0 interrupted iterations
learning_flow   [  17% ] 25 VUs  01m45.0s/10m0s

running (01m46.0s), 25/25 VUs, 154 complete and 0 interrupted iterations
learning_flow   [  18% ] 25 VUs  01m46.0s/10m0s

running (01m47.0s), 25/25 VUs, 156 complete and 0 interrupted iterations
learning_flow   [  18% ] 25 VUs  01m47.0s/10m0s

running (01m48.0s), 25/25 VUs, 159 complete and 0 interrupted iterations
learning_flow   [  18% ] 25 VUs  01m48.0s/10m0s

running (01m49.0s), 25/25 VUs, 161 complete and 0 interrupted iterations
learning_flow   [  18% ] 25 VUs  01m49.0s/10m0s

running (01m50.0s), 25/25 VUs, 162 complete and 0 interrupted iterations
learning_flow   [  18% ] 25 VUs  01m50.0s/10m0s

running (01m51.0s), 25/25 VUs, 166 complete and 0 interrupted iterations
learning_flow   [  19% ] 25 VUs  01m51.0s/10m0s

running (01m52.0s), 25/25 VUs, 166 complete and 0 interrupted iterations
learning_flow   [  19% ] 25 VUs  01m52.0s/10m0s

running (01m53.0s), 25/25 VUs, 170 complete and 0 interrupted iterations
learning_flow   [  19% ] 25 VUs  01m53.0s/10m0s

running (01m54.0s), 25/25 VUs, 171 complete and 0 interrupted iterations
learning_flow   [  19% ] 25 VUs  01m54.0s/10m0s

running (01m55.0s), 25/25 VUs, 173 complete and 0 interrupted iterations
learning_flow   [  19% ] 25 VUs  01m55.0s/10m0s

running (01m56.0s), 25/25 VUs, 177 complete and 0 interrupted iterations
learning_flow   [  19% ] 25 VUs  01m56.0s/10m0s

running (01m57.0s), 25/25 VUs, 178 complete and 0 interrupted iterations
learning_flow   [  19% ] 25 VUs  01m57.0s/10m0s

running (01m58.0s), 25/25 VUs, 180 complete and 0 interrupted iterations
learning_flow   [  20% ] 25 VUs  01m58.0s/10m0s

running (01m59.0s), 25/25 VUs, 181 complete and 0 interrupted iterations
learning_flow   [  20% ] 25 VUs  01m59.0s/10m0s

running (02m00.0s), 25/25 VUs, 181 complete and 0 interrupted iterations
learning_flow   [  20% ] 25 VUs  02m00.0s/10m0s

running (02m01.0s), 25/25 VUs, 181 complete and 0 interrupted iterations
learning_flow   [  20% ] 25 VUs  02m01.0s/10m0s

running (02m02.0s), 25/25 VUs, 182 complete and 0 interrupted iterations
learning_flow   [  20% ] 25 VUs  02m02.0s/10m0s

running (02m03.0s), 25/25 VUs, 183 complete and 0 interrupted iterations
learning_flow   [  20% ] 25 VUs  02m03.0s/10m0s

running (02m04.0s), 25/25 VUs, 184 complete and 0 interrupted iterations
learning_flow   [  21% ] 25 VUs  02m04.0s/10m0s

running (02m05.0s), 25/25 VUs, 188 complete and 0 interrupted iterations
learning_flow   [  21% ] 25 VUs  02m05.0s/10m0s

running (02m06.0s), 25/25 VUs, 188 complete and 0 interrupted iterations
learning_flow   [  21% ] 25 VUs  02m06.0s/10m0s

running (02m07.0s), 25/25 VUs, 188 complete and 0 interrupted iterations
learning_flow   [  21% ] 25 VUs  02m07.0s/10m0s

running (02m08.0s), 25/25 VUs, 191 complete and 0 interrupted iterations
learning_flow   [  21% ] 25 VUs  02m08.0s/10m0s

running (02m09.0s), 25/25 VUs, 191 complete and 0 interrupted iterations
learning_flow   [  21% ] 25 VUs  02m09.0s/10m0s

running (02m10.0s), 25/25 VUs, 195 complete and 0 interrupted iterations
learning_flow   [  22% ] 25 VUs  02m10.0s/10m0s

running (02m11.0s), 25/25 VUs, 198 complete and 0 interrupted iterations
learning_flow   [  22% ] 25 VUs  02m11.0s/10m0s

running (02m12.0s), 25/25 VUs, 200 complete and 0 interrupted iterations
learning_flow   [  22% ] 25 VUs  02m12.0s/10m0s

running (02m13.0s), 25/25 VUs, 201 complete and 0 interrupted iterations
learning_flow   [  22% ] 25 VUs  02m13.0s/10m0s

running (02m14.0s), 25/25 VUs, 201 complete and 0 interrupted iterations
learning_flow   [  22% ] 25 VUs  02m14.0s/10m0s

running (02m15.0s), 25/25 VUs, 201 complete and 0 interrupted iterations
learning_flow   [  22% ] 25 VUs  02m15.0s/10m0s

running (02m16.0s), 25/25 VUs, 202 complete and 0 interrupted iterations
learning_flow   [  23% ] 25 VUs  02m16.0s/10m0s

running (02m17.0s), 25/25 VUs, 203 complete and 0 interrupted iterations
learning_flow   [  23% ] 25 VUs  02m17.0s/10m0s

running (02m18.0s), 25/25 VUs, 207 complete and 0 interrupted iterations
learning_flow   [  23% ] 25 VUs  02m18.0s/10m0s

running (02m19.0s), 25/25 VUs, 208 complete and 0 interrupted iterations
learning_flow   [  23% ] 25 VUs  02m19.0s/10m0s

running (02m20.0s), 25/25 VUs, 210 complete and 0 interrupted iterations
learning_flow   [  23% ] 25 VUs  02m20.0s/10m0s

running (02m21.0s), 25/25 VUs, 211 complete and 0 interrupted iterations
learning_flow   [  24% ] 25 VUs  02m21.0s/10m0s

running (02m22.0s), 25/25 VUs, 211 complete and 0 interrupted iterations
learning_flow   [  24% ] 25 VUs  02m22.0s/10m0s

running (02m23.0s), 25/25 VUs, 213 complete and 0 interrupted iterations
learning_flow   [  24% ] 25 VUs  02m23.0s/10m0s

running (02m24.0s), 25/25 VUs, 213 complete and 0 interrupted iterations
learning_flow   [  24% ] 25 VUs  02m24.0s/10m0s

running (02m25.0s), 25/25 VUs, 217 complete and 0 interrupted iterations
learning_flow   [  24% ] 25 VUs  02m25.0s/10m0s

running (02m26.0s), 25/25 VUs, 222 complete and 0 interrupted iterations
learning_flow   [  24% ] 25 VUs  02m26.0s/10m0s

running (02m27.0s), 25/25 VUs, 224 complete and 0 interrupted iterations
learning_flow   [  24% ] 25 VUs  02m27.0s/10m0s

running (02m28.0s), 25/25 VUs, 227 complete and 0 interrupted iterations
learning_flow   [  25% ] 25 VUs  02m28.0s/10m0s

running (02m29.0s), 25/25 VUs, 227 complete and 0 interrupted iterations
learning_flow   [  25% ] 25 VUs  02m29.0s/10m0s

running (02m30.0s), 25/25 VUs, 228 complete and 0 interrupted iterations
learning_flow   [  25% ] 25 VUs  02m30.0s/10m0s

running (02m31.0s), 25/25 VUs, 232 complete and 0 interrupted iterations
learning_flow   [  25% ] 25 VUs  02m31.0s/10m0s

running (02m32.0s), 25/25 VUs, 235 complete and 0 interrupted iterations
learning_flow   [  25% ] 25 VUs  02m32.0s/10m0s

running (02m33.0s), 25/25 VUs, 235 complete and 0 interrupted iterations
learning_flow   [  26% ] 25 VUs  02m33.0s/10m0s

running (02m34.0s), 25/25 VUs, 236 complete and 0 interrupted iterations
learning_flow   [  26% ] 25 VUs  02m34.0s/10m0s

running (02m35.0s), 25/25 VUs, 237 complete and 0 interrupted iterations
learning_flow   [  26% ] 25 VUs  02m35.0s/10m0s

running (02m36.0s), 25/25 VUs, 238 complete and 0 interrupted iterations
learning_flow   [  26% ] 25 VUs  02m36.0s/10m0s

running (02m37.0s), 25/25 VUs, 242 complete and 0 interrupted iterations
learning_flow   [  26% ] 25 VUs  02m37.0s/10m0s

running (02m38.0s), 25/25 VUs, 243 complete and 0 interrupted iterations
learning_flow   [  26% ] 25 VUs  02m38.0s/10m0s

running (02m39.0s), 25/25 VUs, 243 complete and 0 interrupted iterations
learning_flow   [  27% ] 25 VUs  02m39.0s/10m0s

running (02m40.0s), 25/25 VUs, 248 complete and 0 interrupted iterations
learning_flow   [  27% ] 25 VUs  02m40.0s/10m0s

running (02m41.0s), 25/25 VUs, 250 complete and 0 interrupted iterations
learning_flow   [  27% ] 25 VUs  02m41.0s/10m0s

running (02m42.0s), 25/25 VUs, 254 complete and 0 interrupted iterations
learning_flow   [  27% ] 25 VUs  02m42.0s/10m0s

running (02m43.0s), 25/25 VUs, 255 complete and 0 interrupted iterations
learning_flow   [  27% ] 25 VUs  02m43.0s/10m0s

running (02m44.0s), 25/25 VUs, 255 complete and 0 interrupted iterations
learning_flow   [  27% ] 25 VUs  02m44.0s/10m0s

running (02m45.0s), 25/25 VUs, 258 complete and 0 interrupted iterations
learning_flow   [  27% ] 25 VUs  02m45.0s/10m0s

running (02m46.0s), 25/25 VUs, 259 complete and 0 interrupted iterations
learning_flow   [  28% ] 25 VUs  02m46.0s/10m0s

running (02m47.0s), 25/25 VUs, 261 complete and 0 interrupted iterations
learning_flow   [  28% ] 25 VUs  02m47.0s/10m0s

running (02m48.0s), 25/25 VUs, 262 complete and 0 interrupted iterations
learning_flow   [  28% ] 25 VUs  02m48.0s/10m0s

running (02m49.0s), 25/25 VUs, 263 complete and 0 interrupted iterations
learning_flow   [  28% ] 25 VUs  02m49.0s/10m0s

running (02m50.0s), 25/25 VUs, 266 complete and 0 interrupted iterations
learning_flow   [  28% ] 25 VUs  02m50.0s/10m0s

running (02m51.0s), 25/25 VUs, 267 complete and 0 interrupted iterations
learning_flow   [  29% ] 25 VUs  02m51.0s/10m0s

running (02m52.0s), 25/25 VUs, 269 complete and 0 interrupted iterations
learning_flow   [  29% ] 25 VUs  02m52.0s/10m0s

running (02m53.0s), 25/25 VUs, 273 complete and 0 interrupted iterations
learning_flow   [  29% ] 25 VUs  02m53.0s/10m0s

running (02m54.0s), 25/25 VUs, 275 complete and 0 interrupted iterations
learning_flow   [  29% ] 25 VUs  02m54.0s/10m0s

running (02m55.0s), 25/25 VUs, 275 complete and 0 interrupted iterations
learning_flow   [  29% ] 25 VUs  02m55.0s/10m0s

running (02m56.0s), 25/25 VUs, 276 complete and 0 interrupted iterations
learning_flow   [  29% ] 25 VUs  02m56.0s/10m0s

running (02m57.0s), 25/25 VUs, 279 complete and 0 interrupted iterations
learning_flow   [  29% ] 25 VUs  02m57.0s/10m0s

running (02m58.0s), 25/25 VUs, 280 complete and 0 interrupted iterations
learning_flow   [  30% ] 25 VUs  02m58.0s/10m0s

running (02m59.0s), 25/25 VUs, 281 complete and 0 interrupted iterations
learning_flow   [  30% ] 25 VUs  02m59.0s/10m0s

running (03m00.0s), 25/25 VUs, 281 complete and 0 interrupted iterations
learning_flow   [  30% ] 25 VUs  03m00.0s/10m0s

running (03m01.0s), 25/25 VUs, 284 complete and 0 interrupted iterations
learning_flow   [  30% ] 25 VUs  03m01.0s/10m0s

running (03m02.0s), 25/25 VUs, 285 complete and 0 interrupted iterations
learning_flow   [  30% ] 25 VUs  03m02.0s/10m0s

running (03m03.0s), 25/25 VUs, 288 complete and 0 interrupted iterations
learning_flow   [  30% ] 25 VUs  03m03.0s/10m0s

running (03m04.0s), 25/25 VUs, 290 complete and 0 interrupted iterations
learning_flow   [  31% ] 25 VUs  03m04.0s/10m0s

running (03m05.0s), 25/25 VUs, 291 complete and 0 interrupted iterations
learning_flow   [  31% ] 25 VUs  03m05.0s/10m0s

running (03m06.0s), 25/25 VUs, 292 complete and 0 interrupted iterations
learning_flow   [  31% ] 25 VUs  03m06.0s/10m0s

running (03m07.0s), 25/25 VUs, 293 complete and 0 interrupted iterations
learning_flow   [  31% ] 25 VUs  03m07.0s/10m0s

running (03m08.0s), 25/25 VUs, 300 complete and 0 interrupted iterations
learning_flow   [  31% ] 25 VUs  03m08.0s/10m0s

running (03m09.0s), 25/25 VUs, 301 complete and 0 interrupted iterations
learning_flow   [  31% ] 25 VUs  03m09.0s/10m0s

running (03m10.0s), 25/25 VUs, 303 complete and 0 interrupted iterations
learning_flow   [  32% ] 25 VUs  03m10.0s/10m0s

running (03m11.0s), 25/25 VUs, 305 complete and 0 interrupted iterations
learning_flow   [  32% ] 25 VUs  03m11.0s/10m0s

running (03m12.0s), 25/25 VUs, 305 complete and 0 interrupted iterations
learning_flow   [  32% ] 25 VUs  03m12.0s/10m0s

running (03m13.0s), 25/25 VUs, 305 complete and 0 interrupted iterations
learning_flow   [  32% ] 25 VUs  03m13.0s/10m0s

running (03m14.0s), 25/25 VUs, 306 complete and 0 interrupted iterations
learning_flow   [  32% ] 25 VUs  03m14.0s/10m0s

running (03m15.0s), 25/25 VUs, 306 complete and 0 interrupted iterations
learning_flow   [  32% ] 25 VUs  03m15.0s/10m0s

running (03m16.0s), 25/25 VUs, 306 complete and 0 interrupted iterations
learning_flow   [  33% ] 25 VUs  03m16.0s/10m0s

running (03m17.0s), 25/25 VUs, 309 complete and 0 interrupted iterations
learning_flow   [  33% ] 25 VUs  03m17.0s/10m0s

running (03m18.0s), 25/25 VUs, 314 complete and 0 interrupted iterations
learning_flow   [  33% ] 25 VUs  03m18.0s/10m0s

running (03m19.0s), 25/25 VUs, 315 complete and 0 interrupted iterations
learning_flow   [  33% ] 25 VUs  03m19.0s/10m0s

running (03m20.0s), 25/25 VUs, 316 complete and 0 interrupted iterations
learning_flow   [  33% ] 25 VUs  03m20.0s/10m0s

running (03m21.0s), 25/25 VUs, 317 complete and 0 interrupted iterations
learning_flow   [  33% ] 25 VUs  03m21.0s/10m0s

running (03m22.0s), 25/25 VUs, 317 complete and 0 interrupted iterations
learning_flow   [  34% ] 25 VUs  03m22.0s/10m0s

running (03m23.0s), 25/25 VUs, 317 complete and 0 interrupted iterations
learning_flow   [  34% ] 25 VUs  03m23.0s/10m0s

running (03m24.0s), 25/25 VUs, 317 complete and 0 interrupted iterations
learning_flow   [  34% ] 25 VUs  03m24.0s/10m0s

running (03m25.0s), 25/25 VUs, 319 complete and 0 interrupted iterations
learning_flow   [  34% ] 25 VUs  03m25.0s/10m0s

running (03m26.0s), 25/25 VUs, 319 complete and 0 interrupted iterations
learning_flow   [  34% ] 25 VUs  03m26.0s/10m0s

running (03m27.0s), 25/25 VUs, 320 complete and 0 interrupted iterations
learning_flow   [  34% ] 25 VUs  03m27.0s/10m0s

running (03m28.0s), 25/25 VUs, 321 complete and 0 interrupted iterations
learning_flow   [  35% ] 25 VUs  03m28.0s/10m0s

running (03m29.0s), 25/25 VUs, 321 complete and 0 interrupted iterations
learning_flow   [  35% ] 25 VUs  03m29.0s/10m0s

running (03m30.0s), 25/25 VUs, 321 complete and 0 interrupted iterations
learning_flow   [  35% ] 25 VUs  03m30.0s/10m0s

running (03m31.0s), 25/25 VUs, 323 complete and 0 interrupted iterations
learning_flow   [  35% ] 25 VUs  03m31.0s/10m0s

running (03m32.0s), 25/25 VUs, 325 complete and 0 interrupted iterations
learning_flow   [  35% ] 25 VUs  03m32.0s/10m0s

running (03m33.0s), 25/25 VUs, 326 complete and 0 interrupted iterations
learning_flow   [  35% ] 25 VUs  03m33.0s/10m0s

running (03m34.0s), 25/25 VUs, 328 complete and 0 interrupted iterations
learning_flow   [  36% ] 25 VUs  03m34.0s/10m0s

running (03m35.0s), 25/25 VUs, 329 complete and 0 interrupted iterations
learning_flow   [  36% ] 25 VUs  03m35.0s/10m0s

running (03m36.0s), 25/25 VUs, 329 complete and 0 interrupted iterations
learning_flow   [  36% ] 25 VUs  03m36.0s/10m0s

running (03m37.0s), 25/25 VUs, 329 complete and 0 interrupted iterations
learning_flow   [  36% ] 25 VUs  03m37.0s/10m0s

running (03m38.0s), 25/25 VUs, 331 complete and 0 interrupted iterations
learning_flow   [  36% ] 25 VUs  03m38.0s/10m0s

running (03m39.0s), 25/25 VUs, 332 complete and 0 interrupted iterations
learning_flow   [  36% ] 25 VUs  03m39.0s/10m0s

running (03m40.0s), 25/25 VUs, 335 complete and 0 interrupted iterations
learning_flow   [  37% ] 25 VUs  03m40.0s/10m0s

running (03m41.0s), 25/25 VUs, 335 complete and 0 interrupted iterations
learning_flow   [  37% ] 25 VUs  03m41.0s/10m0s

running (03m42.0s), 25/25 VUs, 340 complete and 0 interrupted iterations
learning_flow   [  37% ] 25 VUs  03m42.0s/10m0s

running (03m43.0s), 25/25 VUs, 340 complete and 0 interrupted iterations
learning_flow   [  37% ] 25 VUs  03m43.0s/10m0s

running (03m44.0s), 25/25 VUs, 341 complete and 0 interrupted iterations
learning_flow   [  37% ] 25 VUs  03m44.0s/10m0s

running (03m45.0s), 25/25 VUs, 343 complete and 0 interrupted iterations
learning_flow   [  37% ] 25 VUs  03m45.0s/10m0s

running (03m46.0s), 25/25 VUs, 344 complete and 0 interrupted iterations
learning_flow   [  38% ] 25 VUs  03m46.0s/10m0s

running (03m47.0s), 25/25 VUs, 347 complete and 0 interrupted iterations
learning_flow   [  38% ] 25 VUs  03m47.0s/10m0s

running (03m48.0s), 25/25 VUs, 350 complete and 0 interrupted iterations
learning_flow   [  38% ] 25 VUs  03m48.0s/10m0s

running (03m49.0s), 25/25 VUs, 353 complete and 0 interrupted iterations
learning_flow   [  38% ] 25 VUs  03m49.0s/10m0s

running (03m50.0s), 25/25 VUs, 354 complete and 0 interrupted iterations
learning_flow   [  38% ] 25 VUs  03m50.0s/10m0s

running (03m51.0s), 25/25 VUs, 358 complete and 0 interrupted iterations
learning_flow   [  38% ] 25 VUs  03m51.0s/10m0s

running (03m52.0s), 25/25 VUs, 360 complete and 0 interrupted iterations
learning_flow   [  39% ] 25 VUs  03m52.0s/10m0s

running (03m53.0s), 25/25 VUs, 360 complete and 0 interrupted iterations
learning_flow   [  39% ] 25 VUs  03m53.0s/10m0s

running (03m54.0s), 25/25 VUs, 362 complete and 0 interrupted iterations
learning_flow   [  39% ] 25 VUs  03m54.0s/10m0s

running (03m55.0s), 25/25 VUs, 364 complete and 0 interrupted iterations
learning_flow   [  39% ] 25 VUs  03m55.0s/10m0s

running (03m56.0s), 25/25 VUs, 366 complete and 0 interrupted iterations
learning_flow   [  39% ] 25 VUs  03m56.0s/10m0s

running (03m57.0s), 25/25 VUs, 367 complete and 0 interrupted iterations
learning_flow   [  40% ] 25 VUs  03m57.0s/10m0s

running (03m58.0s), 25/25 VUs, 368 complete and 0 interrupted iterations
learning_flow   [  40% ] 25 VUs  03m58.0s/10m0s

running (03m59.0s), 25/25 VUs, 369 complete and 0 interrupted iterations
learning_flow   [  40% ] 25 VUs  03m59.0s/10m0s

running (04m00.0s), 25/25 VUs, 370 complete and 0 interrupted iterations
learning_flow   [  40% ] 25 VUs  04m00.0s/10m0s

running (04m01.0s), 25/25 VUs, 370 complete and 0 interrupted iterations
learning_flow   [  40% ] 25 VUs  04m01.0s/10m0s

running (04m02.0s), 25/25 VUs, 373 complete and 0 interrupted iterations
learning_flow   [  40% ] 25 VUs  04m02.0s/10m0s

running (04m03.0s), 25/25 VUs, 377 complete and 0 interrupted iterations
learning_flow   [  40% ] 25 VUs  04m03.0s/10m0s

running (04m04.0s), 25/25 VUs, 380 complete and 0 interrupted iterations
learning_flow   [  41% ] 25 VUs  04m04.0s/10m0s

running (04m05.0s), 25/25 VUs, 381 complete and 0 interrupted iterations
learning_flow   [  41% ] 25 VUs  04m05.0s/10m0s

running (04m06.0s), 25/25 VUs, 382 complete and 0 interrupted iterations
learning_flow   [  41% ] 25 VUs  04m06.0s/10m0s

running (04m07.0s), 25/25 VUs, 382 complete and 0 interrupted iterations
learning_flow   [  41% ] 25 VUs  04m07.0s/10m0s

running (04m08.0s), 25/25 VUs, 384 complete and 0 interrupted iterations
learning_flow   [  41% ] 25 VUs  04m08.0s/10m0s

running (04m09.0s), 25/25 VUs, 386 complete and 0 interrupted iterations
learning_flow   [  41% ] 25 VUs  04m09.0s/10m0s

running (04m10.0s), 25/25 VUs, 387 complete and 0 interrupted iterations
learning_flow   [  42% ] 25 VUs  04m10.0s/10m0s

running (04m11.0s), 25/25 VUs, 387 complete and 0 interrupted iterations
learning_flow   [  42% ] 25 VUs  04m11.0s/10m0s

running (04m12.0s), 25/25 VUs, 390 complete and 0 interrupted iterations
learning_flow   [  42% ] 25 VUs  04m12.0s/10m0s

running (04m13.0s), 25/25 VUs, 392 complete and 0 interrupted iterations
learning_flow   [  42% ] 25 VUs  04m13.0s/10m0s

running (04m14.0s), 25/25 VUs, 393 complete and 0 interrupted iterations
learning_flow   [  42% ] 25 VUs  04m14.0s/10m0s

running (04m15.0s), 25/25 VUs, 396 complete and 0 interrupted iterations
learning_flow   [  42% ] 25 VUs  04m15.0s/10m0s

running (04m16.0s), 25/25 VUs, 399 complete and 0 interrupted iterations
learning_flow   [  43% ] 25 VUs  04m16.0s/10m0s

running (04m17.0s), 25/25 VUs, 400 complete and 0 interrupted iterations
learning_flow   [  43% ] 25 VUs  04m17.0s/10m0s

running (04m18.0s), 25/25 VUs, 400 complete and 0 interrupted iterations
learning_flow   [  43% ] 25 VUs  04m18.0s/10m0s

running (04m19.0s), 25/25 VUs, 405 complete and 0 interrupted iterations
learning_flow   [  43% ] 25 VUs  04m19.0s/10m0s

running (04m20.0s), 25/25 VUs, 405 complete and 0 interrupted iterations
learning_flow   [  43% ] 25 VUs  04m20.0s/10m0s

running (04m21.0s), 25/25 VUs, 406 complete and 0 interrupted iterations
learning_flow   [  43% ] 25 VUs  04m21.0s/10m0s

running (04m22.0s), 25/25 VUs, 409 complete and 0 interrupted iterations
learning_flow   [  44% ] 25 VUs  04m22.0s/10m0s

running (04m23.0s), 25/25 VUs, 413 complete and 0 interrupted iterations
learning_flow   [  44% ] 25 VUs  04m23.0s/10m0s

running (04m24.0s), 25/25 VUs, 415 complete and 0 interrupted iterations
learning_flow   [  44% ] 25 VUs  04m24.0s/10m0s

running (04m25.0s), 25/25 VUs, 416 complete and 0 interrupted iterations
learning_flow   [  44% ] 25 VUs  04m25.0s/10m0s

running (04m26.0s), 25/25 VUs, 419 complete and 0 interrupted iterations
learning_flow   [  44% ] 25 VUs  04m26.0s/10m0s

running (04m27.0s), 25/25 VUs, 420 complete and 0 interrupted iterations
learning_flow   [  45% ] 25 VUs  04m27.0s/10m0s

running (04m28.0s), 25/25 VUs, 422 complete and 0 interrupted iterations
learning_flow   [  45% ] 25 VUs  04m28.0s/10m0s

running (04m29.0s), 25/25 VUs, 422 complete and 0 interrupted iterations
learning_flow   [  45% ] 25 VUs  04m29.0s/10m0s

running (04m30.0s), 25/25 VUs, 424 complete and 0 interrupted iterations
learning_flow   [  45% ] 25 VUs  04m30.0s/10m0s

running (04m31.0s), 25/25 VUs, 425 complete and 0 interrupted iterations
learning_flow   [  45% ] 25 VUs  04m31.0s/10m0s

running (04m32.0s), 25/25 VUs, 426 complete and 0 interrupted iterations
learning_flow   [  45% ] 25 VUs  04m32.0s/10m0s

running (04m33.0s), 25/25 VUs, 427 complete and 0 interrupted iterations
learning_flow   [  45% ] 25 VUs  04m33.0s/10m0s

running (04m34.0s), 25/25 VUs, 427 complete and 0 interrupted iterations
learning_flow   [  46% ] 25 VUs  04m34.0s/10m0s

running (04m35.0s), 25/25 VUs, 430 complete and 0 interrupted iterations
learning_flow   [  46% ] 25 VUs  04m35.0s/10m0s

running (04m36.0s), 25/25 VUs, 432 complete and 0 interrupted iterations
learning_flow   [  46% ] 25 VUs  04m36.0s/10m0s

running (04m37.0s), 25/25 VUs, 432 complete and 0 interrupted iterations
learning_flow   [  46% ] 25 VUs  04m37.0s/10m0s

running (04m38.0s), 25/25 VUs, 433 complete and 0 interrupted iterations
learning_flow   [  46% ] 25 VUs  04m38.0s/10m0s

running (04m39.0s), 25/25 VUs, 433 complete and 0 interrupted iterations
learning_flow   [  46% ] 25 VUs  04m39.0s/10m0s

running (04m40.0s), 25/25 VUs, 435 complete and 0 interrupted iterations
learning_flow   [  47% ] 25 VUs  04m40.0s/10m0s

running (04m41.0s), 25/25 VUs, 437 complete and 0 interrupted iterations
learning_flow   [  47% ] 25 VUs  04m41.0s/10m0s

running (04m42.0s), 25/25 VUs, 440 complete and 0 interrupted iterations
learning_flow   [  47% ] 25 VUs  04m42.0s/10m0s

running (04m43.0s), 25/25 VUs, 444 complete and 0 interrupted iterations
learning_flow   [  47% ] 25 VUs  04m43.0s/10m0s

running (04m44.0s), 25/25 VUs, 447 complete and 0 interrupted iterations
learning_flow   [  47% ] 25 VUs  04m44.0s/10m0s

running (04m45.0s), 25/25 VUs, 449 complete and 0 interrupted iterations
learning_flow   [  47% ] 25 VUs  04m45.0s/10m0s

running (04m46.0s), 25/25 VUs, 451 complete and 0 interrupted iterations
learning_flow   [  48% ] 25 VUs  04m46.0s/10m0s

running (04m47.0s), 25/25 VUs, 451 complete and 0 interrupted iterations
learning_flow   [  48% ] 25 VUs  04m47.0s/10m0s

running (04m48.0s), 25/25 VUs, 454 complete and 0 interrupted iterations
learning_flow   [  48% ] 25 VUs  04m48.0s/10m0s

running (04m49.0s), 25/25 VUs, 455 complete and 0 interrupted iterations
learning_flow   [  48% ] 25 VUs  04m49.0s/10m0s

running (04m50.0s), 25/25 VUs, 456 complete and 0 interrupted iterations
learning_flow   [  48% ] 25 VUs  04m50.0s/10m0s

running (04m51.0s), 25/25 VUs, 459 complete and 0 interrupted iterations
learning_flow   [  48% ] 25 VUs  04m51.0s/10m0s

running (04m52.0s), 25/25 VUs, 461 complete and 0 interrupted iterations
learning_flow   [  49% ] 25 VUs  04m52.0s/10m0s

running (04m53.0s), 25/25 VUs, 463 complete and 0 interrupted iterations
learning_flow   [  49% ] 25 VUs  04m53.0s/10m0s

running (04m54.0s), 25/25 VUs, 465 complete and 0 interrupted iterations
learning_flow   [  49% ] 25 VUs  04m54.0s/10m0s

running (04m55.0s), 25/25 VUs, 466 complete and 0 interrupted iterations
learning_flow   [  49% ] 25 VUs  04m55.0s/10m0s

running (04m56.0s), 25/25 VUs, 468 complete and 0 interrupted iterations
learning_flow   [  49% ] 25 VUs  04m56.0s/10m0s

running (04m57.0s), 25/25 VUs, 468 complete and 0 interrupted iterations
learning_flow   [  49% ] 25 VUs  04m57.0s/10m0s

running (04m58.0s), 25/25 VUs, 470 complete and 0 interrupted iterations
learning_flow   [  50% ] 25 VUs  04m58.0s/10m0s

running (04m59.0s), 25/25 VUs, 471 complete and 0 interrupted iterations
learning_flow   [  50% ] 25 VUs  04m59.0s/10m0s

running (05m00.0s), 25/25 VUs, 475 complete and 0 interrupted iterations
learning_flow   [  50% ] 25 VUs  05m00.0s/10m0s

running (05m01.0s), 25/25 VUs, 477 complete and 0 interrupted iterations
learning_flow   [  50% ] 25 VUs  05m01.0s/10m0s

running (05m02.0s), 25/25 VUs, 481 complete and 0 interrupted iterations
learning_flow   [  50% ] 25 VUs  05m02.0s/10m0s

running (05m03.0s), 25/25 VUs, 482 complete and 0 interrupted iterations
learning_flow   [  50% ] 25 VUs  05m03.0s/10m0s

running (05m04.0s), 25/25 VUs, 483 complete and 0 interrupted iterations
learning_flow   [  51% ] 25 VUs  05m04.0s/10m0s

running (05m05.0s), 25/25 VUs, 484 complete and 0 interrupted iterations
learning_flow   [  51% ] 25 VUs  05m05.0s/10m0s

running (05m06.0s), 25/25 VUs, 488 complete and 0 interrupted iterations
learning_flow   [  51% ] 25 VUs  05m06.0s/10m0s

running (05m07.0s), 25/25 VUs, 490 complete and 0 interrupted iterations
learning_flow   [  51% ] 25 VUs  05m07.0s/10m0s

running (05m08.0s), 25/25 VUs, 493 complete and 0 interrupted iterations
learning_flow   [  51% ] 25 VUs  05m08.0s/10m0s

running (05m09.0s), 25/25 VUs, 493 complete and 0 interrupted iterations
learning_flow   [  51% ] 25 VUs  05m09.0s/10m0s

running (05m10.0s), 25/25 VUs, 494 complete and 0 interrupted iterations
learning_flow   [  52% ] 25 VUs  05m10.0s/10m0s

running (05m11.0s), 25/25 VUs, 495 complete and 0 interrupted iterations
learning_flow   [  52% ] 25 VUs  05m11.0s/10m0s

running (05m12.0s), 25/25 VUs, 498 complete and 0 interrupted iterations
learning_flow   [  52% ] 25 VUs  05m12.0s/10m0s

running (05m13.0s), 25/25 VUs, 501 complete and 0 interrupted iterations
learning_flow   [  52% ] 25 VUs  05m13.0s/10m0s

running (05m14.0s), 25/25 VUs, 502 complete and 0 interrupted iterations
learning_flow   [  52% ] 25 VUs  05m14.0s/10m0s

running (05m15.0s), 25/25 VUs, 505 complete and 0 interrupted iterations
learning_flow   [  52% ] 25 VUs  05m15.0s/10m0s

running (05m16.0s), 25/25 VUs, 506 complete and 0 interrupted iterations
learning_flow   [  53% ] 25 VUs  05m16.0s/10m0s

running (05m17.0s), 25/25 VUs, 507 complete and 0 interrupted iterations
learning_flow   [  53% ] 25 VUs  05m17.0s/10m0s

running (05m18.0s), 25/25 VUs, 508 complete and 0 interrupted iterations
learning_flow   [  53% ] 25 VUs  05m18.0s/10m0s

running (05m19.0s), 25/25 VUs, 509 complete and 0 interrupted iterations
learning_flow   [  53% ] 25 VUs  05m19.0s/10m0s

running (05m20.0s), 25/25 VUs, 511 complete and 0 interrupted iterations
learning_flow   [  53% ] 25 VUs  05m20.0s/10m0s

running (05m21.0s), 25/25 VUs, 513 complete and 0 interrupted iterations
learning_flow   [  54% ] 25 VUs  05m21.0s/10m0s

running (05m22.0s), 25/25 VUs, 517 complete and 0 interrupted iterations
learning_flow   [  54% ] 25 VUs  05m22.0s/10m0s

running (05m23.0s), 25/25 VUs, 519 complete and 0 interrupted iterations
learning_flow   [  54% ] 25 VUs  05m23.0s/10m0s

running (05m24.0s), 25/25 VUs, 520 complete and 0 interrupted iterations
learning_flow   [  54% ] 25 VUs  05m24.0s/10m0s

running (05m25.0s), 25/25 VUs, 520 complete and 0 interrupted iterations
learning_flow   [  54% ] 25 VUs  05m25.0s/10m0s

running (05m26.0s), 25/25 VUs, 520 complete and 0 interrupted iterations
learning_flow   [  54% ] 25 VUs  05m26.0s/10m0s

running (05m27.0s), 25/25 VUs, 523 complete and 0 interrupted iterations
learning_flow   [  54% ] 25 VUs  05m27.0s/10m0s

running (05m28.0s), 25/25 VUs, 527 complete and 0 interrupted iterations
learning_flow   [  55% ] 25 VUs  05m28.0s/10m0s

running (05m29.0s), 25/25 VUs, 529 complete and 0 interrupted iterations
learning_flow   [  55% ] 25 VUs  05m29.0s/10m0s

running (05m30.0s), 25/25 VUs, 531 complete and 0 interrupted iterations
learning_flow   [  55% ] 25 VUs  05m30.0s/10m0s

running (05m31.0s), 25/25 VUs, 531 complete and 0 interrupted iterations
learning_flow   [  55% ] 25 VUs  05m31.0s/10m0s

running (05m32.0s), 25/25 VUs, 534 complete and 0 interrupted iterations
learning_flow   [  55% ] 25 VUs  05m32.0s/10m0s

running (05m33.0s), 25/25 VUs, 534 complete and 0 interrupted iterations
learning_flow   [  55% ] 25 VUs  05m33.0s/10m0s

running (05m34.0s), 25/25 VUs, 534 complete and 0 interrupted iterations
learning_flow   [  56% ] 25 VUs  05m34.0s/10m0s

running (05m35.0s), 25/25 VUs, 535 complete and 0 interrupted iterations
learning_flow   [  56% ] 25 VUs  05m35.0s/10m0s

running (05m36.0s), 25/25 VUs, 538 complete and 0 interrupted iterations
learning_flow   [  56% ] 25 VUs  05m36.0s/10m0s

running (05m37.0s), 25/25 VUs, 539 complete and 0 interrupted iterations
learning_flow   [  56% ] 25 VUs  05m37.0s/10m0s

running (05m38.0s), 25/25 VUs, 539 complete and 0 interrupted iterations
learning_flow   [  56% ] 25 VUs  05m38.0s/10m0s

running (05m39.0s), 25/25 VUs, 540 complete and 0 interrupted iterations
learning_flow   [  57% ] 25 VUs  05m39.0s/10m0s

running (05m40.0s), 25/25 VUs, 541 complete and 0 interrupted iterations
learning_flow   [  57% ] 25 VUs  05m40.0s/10m0s

running (05m41.0s), 25/25 VUs, 543 complete and 0 interrupted iterations
learning_flow   [  57% ] 25 VUs  05m41.0s/10m0s

running (05m42.0s), 25/25 VUs, 543 complete and 0 interrupted iterations
learning_flow   [  57% ] 25 VUs  05m42.0s/10m0s

running (05m43.0s), 25/25 VUs, 543 complete and 0 interrupted iterations
learning_flow   [  57% ] 25 VUs  05m43.0s/10m0s

running (05m44.0s), 25/25 VUs, 544 complete and 0 interrupted iterations
learning_flow   [  57% ] 25 VUs  05m44.0s/10m0s

running (05m45.0s), 25/25 VUs, 544 complete and 0 interrupted iterations
learning_flow   [  57% ] 25 VUs  05m45.0s/10m0s

running (05m46.0s), 25/25 VUs, 547 complete and 0 interrupted iterations
learning_flow   [  58% ] 25 VUs  05m46.0s/10m0s

running (05m47.0s), 25/25 VUs, 547 complete and 0 interrupted iterations
learning_flow   [  58% ] 25 VUs  05m47.0s/10m0s

running (05m48.0s), 25/25 VUs, 547 complete and 0 interrupted iterations
learning_flow   [  58% ] 25 VUs  05m48.0s/10m0s

running (05m49.0s), 25/25 VUs, 547 complete and 0 interrupted iterations
learning_flow   [  58% ] 25 VUs  05m49.0s/10m0s

running (05m50.0s), 25/25 VUs, 548 complete and 0 interrupted iterations
learning_flow   [  58% ] 25 VUs  05m50.0s/10m0s

running (05m51.0s), 25/25 VUs, 548 complete and 0 interrupted iterations
learning_flow   [  58% ] 25 VUs  05m51.0s/10m0s

running (05m52.0s), 25/25 VUs, 549 complete and 0 interrupted iterations
learning_flow   [  59% ] 25 VUs  05m52.0s/10m0s

running (05m53.0s), 25/25 VUs, 552 complete and 0 interrupted iterations
learning_flow   [  59% ] 25 VUs  05m53.0s/10m0s

running (05m54.0s), 25/25 VUs, 554 complete and 0 interrupted iterations
learning_flow   [  59% ] 25 VUs  05m54.0s/10m0s

running (05m55.0s), 25/25 VUs, 557 complete and 0 interrupted iterations
learning_flow   [  59% ] 25 VUs  05m55.0s/10m0s

running (05m56.0s), 25/25 VUs, 557 complete and 0 interrupted iterations
learning_flow   [  59% ] 25 VUs  05m56.0s/10m0s

running (05m57.0s), 25/25 VUs, 558 complete and 0 interrupted iterations
learning_flow   [  59% ] 25 VUs  05m57.0s/10m0s

running (05m58.0s), 25/25 VUs, 558 complete and 0 interrupted iterations
learning_flow   [  60% ] 25 VUs  05m58.0s/10m0s

running (05m59.0s), 25/25 VUs, 559 complete and 0 interrupted iterations
learning_flow   [  60% ] 25 VUs  05m59.0s/10m0s

running (06m00.0s), 25/25 VUs, 562 complete and 0 interrupted iterations
learning_flow   [  60% ] 25 VUs  06m00.0s/10m0s

running (06m01.0s), 25/25 VUs, 564 complete and 0 interrupted iterations
learning_flow   [  60% ] 25 VUs  06m01.0s/10m0s

running (06m02.0s), 25/25 VUs, 565 complete and 0 interrupted iterations
learning_flow   [  60% ] 25 VUs  06m02.0s/10m0s

running (06m03.0s), 25/25 VUs, 566 complete and 0 interrupted iterations
learning_flow   [  60% ] 25 VUs  06m03.0s/10m0s

running (06m04.0s), 25/25 VUs, 571 complete and 0 interrupted iterations
learning_flow   [  61% ] 25 VUs  06m04.0s/10m0s

running (06m05.0s), 25/25 VUs, 573 complete and 0 interrupted iterations
learning_flow   [  61% ] 25 VUs  06m05.0s/10m0s

running (06m06.0s), 25/25 VUs, 574 complete and 0 interrupted iterations
learning_flow   [  61% ] 25 VUs  06m06.0s/10m0s

running (06m07.0s), 25/25 VUs, 576 complete and 0 interrupted iterations
learning_flow   [  61% ] 25 VUs  06m07.0s/10m0s

running (06m08.0s), 25/25 VUs, 578 complete and 0 interrupted iterations
learning_flow   [  61% ] 25 VUs  06m08.0s/10m0s

running (06m09.0s), 25/25 VUs, 579 complete and 0 interrupted iterations
learning_flow   [  61% ] 25 VUs  06m09.0s/10m0s

running (06m10.0s), 25/25 VUs, 580 complete and 0 interrupted iterations
learning_flow   [  62% ] 25 VUs  06m10.0s/10m0s

running (06m11.0s), 25/25 VUs, 582 complete and 0 interrupted iterations
learning_flow   [  62% ] 25 VUs  06m11.0s/10m0s

running (06m12.0s), 25/25 VUs, 582 complete and 0 interrupted iterations
learning_flow   [  62% ] 25 VUs  06m12.0s/10m0s

running (06m13.0s), 25/25 VUs, 583 complete and 0 interrupted iterations
learning_flow   [  62% ] 25 VUs  06m13.0s/10m0s

running (06m14.0s), 25/25 VUs, 584 complete and 0 interrupted iterations
learning_flow   [  62% ] 25 VUs  06m14.0s/10m0s

running (06m15.0s), 25/25 VUs, 585 complete and 0 interrupted iterations
learning_flow   [  62% ] 25 VUs  06m15.0s/10m0s

running (06m16.0s), 25/25 VUs, 588 complete and 0 interrupted iterations
learning_flow   [  63% ] 25 VUs  06m16.0s/10m0s

running (06m17.0s), 25/25 VUs, 589 complete and 0 interrupted iterations
learning_flow   [  63% ] 25 VUs  06m17.0s/10m0s

running (06m18.0s), 25/25 VUs, 592 complete and 0 interrupted iterations
learning_flow   [  63% ] 25 VUs  06m18.0s/10m0s

running (06m19.0s), 25/25 VUs, 595 complete and 0 interrupted iterations
learning_flow   [  63% ] 25 VUs  06m19.0s/10m0s

running (06m20.0s), 25/25 VUs, 597 complete and 0 interrupted iterations
learning_flow   [  63% ] 25 VUs  06m20.0s/10m0s

running (06m21.0s), 25/25 VUs, 598 complete and 0 interrupted iterations
learning_flow   [  63% ] 25 VUs  06m21.0s/10m0s

running (06m22.0s), 25/25 VUs, 599 complete and 0 interrupted iterations
learning_flow   [  64% ] 25 VUs  06m22.0s/10m0s

running (06m23.0s), 25/25 VUs, 603 complete and 0 interrupted iterations
learning_flow   [  64% ] 25 VUs  06m23.0s/10m0s

running (06m24.0s), 25/25 VUs, 605 complete and 0 interrupted iterations
learning_flow   [  64% ] 25 VUs  06m24.0s/10m0s

running (06m25.0s), 25/25 VUs, 606 complete and 0 interrupted iterations
learning_flow   [  64% ] 25 VUs  06m25.0s/10m0s

running (06m26.0s), 25/25 VUs, 606 complete and 0 interrupted iterations
learning_flow   [  64% ] 25 VUs  06m26.0s/10m0s

running (06m27.0s), 25/25 VUs, 607 complete and 0 interrupted iterations
learning_flow   [  65% ] 25 VUs  06m27.0s/10m0s

running (06m28.0s), 25/25 VUs, 608 complete and 0 interrupted iterations
learning_flow   [  65% ] 25 VUs  06m28.0s/10m0s

running (06m29.0s), 25/25 VUs, 610 complete and 0 interrupted iterations
learning_flow   [  65% ] 25 VUs  06m29.0s/10m0s

running (06m30.0s), 25/25 VUs, 610 complete and 0 interrupted iterations
learning_flow   [  65% ] 25 VUs  06m30.0s/10m0s

running (06m31.0s), 25/25 VUs, 612 complete and 0 interrupted iterations
learning_flow   [  65% ] 25 VUs  06m31.0s/10m0s

running (06m32.0s), 25/25 VUs, 615 complete and 0 interrupted iterations
learning_flow   [  65% ] 25 VUs  06m32.0s/10m0s

running (06m33.0s), 25/25 VUs, 616 complete and 0 interrupted iterations
learning_flow   [  65% ] 25 VUs  06m33.0s/10m0s

running (06m34.0s), 25/25 VUs, 619 complete and 0 interrupted iterations
learning_flow   [  66% ] 25 VUs  06m34.0s/10m0s

running (06m35.0s), 25/25 VUs, 620 complete and 0 interrupted iterations
learning_flow   [  66% ] 25 VUs  06m35.0s/10m0s

running (06m36.0s), 25/25 VUs, 622 complete and 0 interrupted iterations
learning_flow   [  66% ] 25 VUs  06m36.0s/10m0s

running (06m37.0s), 25/25 VUs, 623 complete and 0 interrupted iterations
learning_flow   [  66% ] 25 VUs  06m37.0s/10m0s

running (06m38.0s), 25/25 VUs, 625 complete and 0 interrupted iterations
learning_flow   [  66% ] 25 VUs  06m38.0s/10m0s

running (06m39.0s), 25/25 VUs, 626 complete and 0 interrupted iterations
learning_flow   [  67% ] 25 VUs  06m39.0s/10m0s

running (06m40.0s), 25/25 VUs, 628 complete and 0 interrupted iterations
learning_flow   [  67% ] 25 VUs  06m40.0s/10m0s

running (06m41.0s), 25/25 VUs, 630 complete and 0 interrupted iterations
learning_flow   [  67% ] 25 VUs  06m41.0s/10m0s

running (06m42.0s), 25/25 VUs, 631 complete and 0 interrupted iterations
learning_flow   [  67% ] 25 VUs  06m42.0s/10m0s

running (06m43.0s), 25/25 VUs, 631 complete and 0 interrupted iterations
learning_flow   [  67% ] 25 VUs  06m43.0s/10m0s

running (06m44.0s), 25/25 VUs, 631 complete and 0 interrupted iterations
learning_flow   [  67% ] 25 VUs  06m44.0s/10m0s

running (06m45.0s), 25/25 VUs, 631 complete and 0 interrupted iterations
learning_flow   [  68% ] 25 VUs  06m45.0s/10m0s

running (06m46.0s), 25/25 VUs, 632 complete and 0 interrupted iterations
learning_flow   [  68% ] 25 VUs  06m46.0s/10m0s

running (06m47.0s), 25/25 VUs, 633 complete and 0 interrupted iterations
learning_flow   [  68% ] 25 VUs  06m47.0s/10m0s

running (06m48.0s), 25/25 VUs, 635 complete and 0 interrupted iterations
learning_flow   [  68% ] 25 VUs  06m48.0s/10m0s

running (06m49.0s), 25/25 VUs, 637 complete and 0 interrupted iterations
learning_flow   [  68% ] 25 VUs  06m49.0s/10m0s

running (06m50.0s), 25/25 VUs, 644 complete and 0 interrupted iterations
learning_flow   [  68% ] 25 VUs  06m50.0s/10m0s

running (06m51.0s), 25/25 VUs, 645 complete and 0 interrupted iterations
learning_flow   [  69% ] 25 VUs  06m51.0s/10m0s

running (06m52.0s), 25/25 VUs, 646 complete and 0 interrupted iterations
learning_flow   [  69% ] 25 VUs  06m52.0s/10m0s

running (06m53.0s), 25/25 VUs, 649 complete and 0 interrupted iterations
learning_flow   [  69% ] 25 VUs  06m53.0s/10m0s

running (06m54.0s), 25/25 VUs, 651 complete and 0 interrupted iterations
learning_flow   [  69% ] 25 VUs  06m54.0s/10m0s

running (06m55.0s), 25/25 VUs, 655 complete and 0 interrupted iterations
learning_flow   [  69% ] 25 VUs  06m55.0s/10m0s

running (06m56.0s), 25/25 VUs, 656 complete and 0 interrupted iterations
learning_flow   [  69% ] 25 VUs  06m56.0s/10m0s

running (06m57.0s), 25/25 VUs, 657 complete and 0 interrupted iterations
learning_flow   [  69% ] 25 VUs  06m57.0s/10m0s

running (06m58.0s), 25/25 VUs, 658 complete and 0 interrupted iterations
learning_flow   [  70% ] 25 VUs  06m58.0s/10m0s

running (06m59.0s), 25/25 VUs, 659 complete and 0 interrupted iterations
learning_flow   [  70% ] 25 VUs  06m59.0s/10m0s

running (07m00.0s), 25/25 VUs, 660 complete and 0 interrupted iterations
learning_flow   [  70% ] 25 VUs  07m00.0s/10m0s

running (07m01.0s), 25/25 VUs, 663 complete and 0 interrupted iterations
learning_flow   [  70% ] 25 VUs  07m01.0s/10m0s

running (07m02.0s), 25/25 VUs, 665 complete and 0 interrupted iterations
learning_flow   [  70% ] 25 VUs  07m02.0s/10m0s

running (07m03.0s), 25/25 VUs, 667 complete and 0 interrupted iterations
learning_flow   [  70% ] 25 VUs  07m03.0s/10m0s

running (07m04.0s), 25/25 VUs, 668 complete and 0 interrupted iterations
learning_flow   [  71% ] 25 VUs  07m04.0s/10m0s

running (07m05.0s), 25/25 VUs, 670 complete and 0 interrupted iterations
learning_flow   [  71% ] 25 VUs  07m05.0s/10m0s

running (07m06.0s), 25/25 VUs, 671 complete and 0 interrupted iterations
learning_flow   [  71% ] 25 VUs  07m06.0s/10m0s

running (07m07.0s), 25/25 VUs, 673 complete and 0 interrupted iterations
learning_flow   [  71% ] 25 VUs  07m07.0s/10m0s

running (07m08.0s), 25/25 VUs, 676 complete and 0 interrupted iterations
learning_flow   [  71% ] 25 VUs  07m08.0s/10m0s

running (07m09.0s), 25/25 VUs, 679 complete and 0 interrupted iterations
learning_flow   [  71% ] 25 VUs  07m09.0s/10m0s

running (07m10.0s), 25/25 VUs, 681 complete and 0 interrupted iterations
learning_flow   [  72% ] 25 VUs  07m10.0s/10m0s

running (07m11.0s), 25/25 VUs, 682 complete and 0 interrupted iterations
learning_flow   [  72% ] 25 VUs  07m11.0s/10m0s

running (07m12.0s), 25/25 VUs, 684 complete and 0 interrupted iterations
learning_flow   [  72% ] 25 VUs  07m12.0s/10m0s

running (07m13.0s), 25/25 VUs, 685 complete and 0 interrupted iterations
learning_flow   [  72% ] 25 VUs  07m13.0s/10m0s

running (07m14.0s), 25/25 VUs, 688 complete and 0 interrupted iterations
learning_flow   [  72% ] 25 VUs  07m14.0s/10m0s

running (07m15.0s), 25/25 VUs, 690 complete and 0 interrupted iterations
learning_flow   [  73% ] 25 VUs  07m15.0s/10m0s

running (07m16.0s), 25/25 VUs, 691 complete and 0 interrupted iterations
learning_flow   [  73% ] 25 VUs  07m16.0s/10m0s

running (07m17.0s), 25/25 VUs, 691 complete and 0 interrupted iterations
learning_flow   [  73% ] 25 VUs  07m17.0s/10m0s

running (07m18.0s), 25/25 VUs, 695 complete and 0 interrupted iterations
learning_flow   [  73% ] 25 VUs  07m18.0s/10m0s

running (07m19.0s), 25/25 VUs, 696 complete and 0 interrupted iterations
learning_flow   [  73% ] 25 VUs  07m19.0s/10m0s

running (07m20.0s), 25/25 VUs, 697 complete and 0 interrupted iterations
learning_flow   [  73% ] 25 VUs  07m20.0s/10m0s

running (07m21.0s), 25/25 VUs, 700 complete and 0 interrupted iterations
learning_flow   [  74% ] 25 VUs  07m21.0s/10m0s

running (07m22.0s), 25/25 VUs, 701 complete and 0 interrupted iterations
learning_flow   [  74% ] 25 VUs  07m22.0s/10m0s

running (07m23.0s), 25/25 VUs, 702 complete and 0 interrupted iterations
learning_flow   [  74% ] 25 VUs  07m23.0s/10m0s

running (07m24.0s), 25/25 VUs, 706 complete and 0 interrupted iterations
learning_flow   [  74% ] 25 VUs  07m24.0s/10m0s

running (07m25.0s), 25/25 VUs, 706 complete and 0 interrupted iterations
learning_flow   [  74% ] 25 VUs  07m25.0s/10m0s

running (07m26.0s), 25/25 VUs, 706 complete and 0 interrupted iterations
learning_flow   [  74% ] 25 VUs  07m26.0s/10m0s

running (07m27.0s), 25/25 VUs, 706 complete and 0 interrupted iterations
learning_flow   [  74% ] 25 VUs  07m27.0s/10m0s

running (07m28.0s), 25/25 VUs, 706 complete and 0 interrupted iterations
learning_flow   [  75% ] 25 VUs  07m28.0s/10m0s

running (07m29.0s), 25/25 VUs, 706 complete and 0 interrupted iterations
learning_flow   [  75% ] 25 VUs  07m29.0s/10m0s

running (07m30.0s), 25/25 VUs, 707 complete and 0 interrupted iterations
learning_flow   [  75% ] 25 VUs  07m30.0s/10m0s

running (07m31.0s), 25/25 VUs, 707 complete and 0 interrupted iterations
learning_flow   [  75% ] 25 VUs  07m31.0s/10m0s

running (07m32.0s), 25/25 VUs, 708 complete and 0 interrupted iterations
learning_flow   [  75% ] 25 VUs  07m32.0s/10m0s

running (07m33.0s), 25/25 VUs, 711 complete and 0 interrupted iterations
learning_flow   [  75% ] 25 VUs  07m33.0s/10m0s

running (07m34.0s), 25/25 VUs, 714 complete and 0 interrupted iterations
learning_flow   [  76% ] 25 VUs  07m34.0s/10m0s

running (07m35.0s), 25/25 VUs, 716 complete and 0 interrupted iterations
learning_flow   [  76% ] 25 VUs  07m35.0s/10m0s

running (07m36.0s), 25/25 VUs, 716 complete and 0 interrupted iterations
learning_flow   [  76% ] 25 VUs  07m36.0s/10m0s

running (07m37.0s), 25/25 VUs, 717 complete and 0 interrupted iterations
learning_flow   [  76% ] 25 VUs  07m37.0s/10m0s

running (07m38.0s), 25/25 VUs, 721 complete and 0 interrupted iterations
learning_flow   [  76% ] 25 VUs  07m38.0s/10m0s

running (07m39.0s), 25/25 VUs, 723 complete and 0 interrupted iterations
learning_flow   [  76% ] 25 VUs  07m39.0s/10m0s

running (07m40.0s), 25/25 VUs, 725 complete and 0 interrupted iterations
learning_flow   [  77% ] 25 VUs  07m40.0s/10m0s

running (07m41.0s), 25/25 VUs, 725 complete and 0 interrupted iterations
learning_flow   [  77% ] 25 VUs  07m41.0s/10m0s

running (07m42.0s), 25/25 VUs, 729 complete and 0 interrupted iterations
learning_flow   [  77% ] 25 VUs  07m42.0s/10m0s

running (07m43.0s), 25/25 VUs, 730 complete and 0 interrupted iterations
learning_flow   [  77% ] 25 VUs  07m43.0s/10m0s

running (07m44.0s), 25/25 VUs, 731 complete and 0 interrupted iterations
learning_flow   [  77% ] 25 VUs  07m44.0s/10m0s

running (07m45.0s), 25/25 VUs, 734 complete and 0 interrupted iterations
learning_flow   [  77% ] 25 VUs  07m45.0s/10m0s

running (07m46.0s), 25/25 VUs, 735 complete and 0 interrupted iterations
learning_flow   [  78% ] 25 VUs  07m46.0s/10m0s

running (07m47.0s), 25/25 VUs, 738 complete and 0 interrupted iterations
learning_flow   [  78% ] 25 VUs  07m47.0s/10m0s

running (07m48.0s), 25/25 VUs, 740 complete and 0 interrupted iterations
learning_flow   [  78% ] 25 VUs  07m48.0s/10m0s

running (07m49.0s), 25/25 VUs, 740 complete and 0 interrupted iterations
learning_flow   [  78% ] 25 VUs  07m49.0s/10m0s

running (07m50.0s), 25/25 VUs, 741 complete and 0 interrupted iterations
learning_flow   [  78% ] 25 VUs  07m50.0s/10m0s

running (07m51.0s), 25/25 VUs, 742 complete and 0 interrupted iterations
learning_flow   [  78% ] 25 VUs  07m51.0s/10m0s

running (07m52.0s), 25/25 VUs, 744 complete and 0 interrupted iterations
learning_flow   [  79% ] 25 VUs  07m52.0s/10m0s

running (07m53.0s), 25/25 VUs, 745 complete and 0 interrupted iterations
learning_flow   [  79% ] 25 VUs  07m53.0s/10m0s

running (07m54.0s), 25/25 VUs, 745 complete and 0 interrupted iterations
learning_flow   [  79% ] 25 VUs  07m54.0s/10m0s

running (07m55.0s), 25/25 VUs, 746 complete and 0 interrupted iterations
learning_flow   [  79% ] 25 VUs  07m55.0s/10m0s

running (07m56.0s), 25/25 VUs, 747 complete and 0 interrupted iterations
learning_flow   [  79% ] 25 VUs  07m56.0s/10m0s

running (07m57.0s), 25/25 VUs, 749 complete and 0 interrupted iterations
learning_flow   [  80% ] 25 VUs  07m57.0s/10m0s

running (07m58.0s), 25/25 VUs, 755 complete and 0 interrupted iterations
learning_flow   [  80% ] 25 VUs  07m58.0s/10m0s

running (07m59.0s), 25/25 VUs, 755 complete and 0 interrupted iterations
learning_flow   [  80% ] 25 VUs  07m59.0s/10m0s

running (08m00.0s), 25/25 VUs, 759 complete and 0 interrupted iterations
learning_flow   [  80% ] 25 VUs  08m00.0s/10m0s

running (08m01.0s), 25/25 VUs, 760 complete and 0 interrupted iterations
learning_flow   [  80% ] 25 VUs  08m01.0s/10m0s

running (08m02.0s), 25/25 VUs, 761 complete and 0 interrupted iterations
learning_flow   [  80% ] 25 VUs  08m02.0s/10m0s

running (08m03.0s), 25/25 VUs, 761 complete and 0 interrupted iterations
learning_flow   [  81% ] 25 VUs  08m03.0s/10m0s

running (08m04.0s), 25/25 VUs, 762 complete and 0 interrupted iterations
learning_flow   [  81% ] 25 VUs  08m04.0s/10m0s

running (08m05.0s), 25/25 VUs, 766 complete and 0 interrupted iterations
learning_flow   [  81% ] 25 VUs  08m05.0s/10m0s

running (08m06.0s), 25/25 VUs, 766 complete and 0 interrupted iterations
learning_flow   [  81% ] 25 VUs  08m06.0s/10m0s

running (08m07.0s), 25/25 VUs, 767 complete and 0 interrupted iterations
learning_flow   [  81% ] 25 VUs  08m07.0s/10m0s

running (08m08.0s), 25/25 VUs, 767 complete and 0 interrupted iterations
learning_flow   [  81% ] 25 VUs  08m08.0s/10m0s

running (08m09.0s), 25/25 VUs, 769 complete and 0 interrupted iterations
learning_flow   [  82% ] 25 VUs  08m09.0s/10m0s

running (08m10.0s), 25/25 VUs, 769 complete and 0 interrupted iterations
learning_flow   [  82% ] 25 VUs  08m10.0s/10m0s

running (08m11.0s), 25/25 VUs, 772 complete and 0 interrupted iterations
learning_flow   [  82% ] 25 VUs  08m11.0s/10m0s

running (08m12.0s), 25/25 VUs, 774 complete and 0 interrupted iterations
learning_flow   [  82% ] 25 VUs  08m12.0s/10m0s

running (08m13.0s), 25/25 VUs, 774 complete and 0 interrupted iterations
learning_flow   [  82% ] 25 VUs  08m13.0s/10m0s

running (08m14.0s), 25/25 VUs, 774 complete and 0 interrupted iterations
learning_flow   [  82% ] 25 VUs  08m14.0s/10m0s

running (08m15.0s), 25/25 VUs, 775 complete and 0 interrupted iterations
learning_flow   [  82% ] 25 VUs  08m15.0s/10m0s

running (08m16.0s), 25/25 VUs, 775 complete and 0 interrupted iterations
learning_flow   [  83% ] 25 VUs  08m16.0s/10m0s

running (08m17.0s), 25/25 VUs, 775 complete and 0 interrupted iterations
learning_flow   [  83% ] 25 VUs  08m17.0s/10m0s

running (08m18.0s), 25/25 VUs, 775 complete and 0 interrupted iterations
learning_flow   [  83% ] 25 VUs  08m18.0s/10m0s

running (08m19.0s), 25/25 VUs, 775 complete and 0 interrupted iterations
learning_flow   [  83% ] 25 VUs  08m19.0s/10m0s

running (08m20.0s), 25/25 VUs, 775 complete and 0 interrupted iterations
learning_flow   [  83% ] 25 VUs  08m20.0s/10m0s

running (08m21.0s), 25/25 VUs, 775 complete and 0 interrupted iterations
learning_flow   [  83% ] 25 VUs  08m21.0s/10m0s

running (08m22.0s), 25/25 VUs, 776 complete and 0 interrupted iterations
learning_flow   [  84% ] 25 VUs  08m22.0s/10m0s

running (08m23.0s), 25/25 VUs, 779 complete and 0 interrupted iterations
learning_flow   [  84% ] 25 VUs  08m23.0s/10m0s

running (08m24.0s), 25/25 VUs, 780 complete and 0 interrupted iterations
learning_flow   [  84% ] 25 VUs  08m24.0s/10m0s

running (08m25.0s), 25/25 VUs, 782 complete and 0 interrupted iterations
learning_flow   [  84% ] 25 VUs  08m25.0s/10m0s

running (08m26.0s), 25/25 VUs, 784 complete and 0 interrupted iterations
learning_flow   [  84% ] 25 VUs  08m26.0s/10m0s

running (08m27.0s), 25/25 VUs, 784 complete and 0 interrupted iterations
learning_flow   [  84% ] 25 VUs  08m27.0s/10m0s

running (08m28.0s), 25/25 VUs, 785 complete and 0 interrupted iterations
learning_flow   [  85% ] 25 VUs  08m28.0s/10m0s

running (08m29.0s), 25/25 VUs, 786 complete and 0 interrupted iterations
learning_flow   [  85% ] 25 VUs  08m29.0s/10m0s

running (08m30.0s), 25/25 VUs, 786 complete and 0 interrupted iterations
learning_flow   [  85% ] 25 VUs  08m30.0s/10m0s

running (08m31.0s), 25/25 VUs, 787 complete and 0 interrupted iterations
learning_flow   [  85% ] 25 VUs  08m31.0s/10m0s

running (08m32.0s), 25/25 VUs, 791 complete and 0 interrupted iterations
learning_flow   [  85% ] 25 VUs  08m32.0s/10m0s

running (08m33.0s), 25/25 VUs, 792 complete and 0 interrupted iterations
learning_flow   [  85% ] 25 VUs  08m33.0s/10m0s

running (08m34.0s), 25/25 VUs, 794 complete and 0 interrupted iterations
learning_flow   [  86% ] 25 VUs  08m34.0s/10m0s

running (08m35.0s), 25/25 VUs, 795 complete and 0 interrupted iterations
learning_flow   [  86% ] 25 VUs  08m35.0s/10m0s

running (08m36.0s), 25/25 VUs, 799 complete and 0 interrupted iterations
learning_flow   [  86% ] 25 VUs  08m36.0s/10m0s

running (08m37.0s), 25/25 VUs, 799 complete and 0 interrupted iterations
learning_flow   [  86% ] 25 VUs  08m37.0s/10m0s

running (08m38.0s), 25/25 VUs, 801 complete and 0 interrupted iterations
learning_flow   [  86% ] 25 VUs  08m38.0s/10m0s

running (08m39.0s), 25/25 VUs, 801 complete and 0 interrupted iterations
learning_flow   [  86% ] 25 VUs  08m39.0s/10m0s

running (08m40.0s), 25/25 VUs, 805 complete and 0 interrupted iterations
learning_flow   [  87% ] 25 VUs  08m40.0s/10m0s

running (08m41.0s), 25/25 VUs, 806 complete and 0 interrupted iterations
learning_flow   [  87% ] 25 VUs  08m41.0s/10m0s

running (08m42.0s), 25/25 VUs, 809 complete and 0 interrupted iterations
learning_flow   [  87% ] 25 VUs  08m42.0s/10m0s

running (08m43.0s), 25/25 VUs, 810 complete and 0 interrupted iterations
learning_flow   [  87% ] 25 VUs  08m43.0s/10m0s

running (08m44.0s), 25/25 VUs, 810 complete and 0 interrupted iterations
learning_flow   [  87% ] 25 VUs  08m44.0s/10m0s

running (08m45.0s), 25/25 VUs, 810 complete and 0 interrupted iterations
learning_flow   [  87% ] 25 VUs  08m45.0s/10m0s

running (08m46.0s), 25/25 VUs, 810 complete and 0 interrupted iterations
learning_flow   [  88% ] 25 VUs  08m46.0s/10m0s

running (08m47.0s), 25/25 VUs, 811 complete and 0 interrupted iterations
learning_flow   [  88% ] 25 VUs  08m47.0s/10m0s

running (08m48.0s), 25/25 VUs, 813 complete and 0 interrupted iterations
learning_flow   [  88% ] 25 VUs  08m48.0s/10m0s

running (08m49.0s), 25/25 VUs, 813 complete and 0 interrupted iterations
learning_flow   [  88% ] 25 VUs  08m49.0s/10m0s

running (08m50.0s), 25/25 VUs, 820 complete and 0 interrupted iterations
learning_flow   [  88% ] 25 VUs  08m50.0s/10m0s

running (08m51.0s), 25/25 VUs, 823 complete and 0 interrupted iterations
learning_flow   [  88% ] 25 VUs  08m51.0s/10m0s

running (08m52.0s), 25/25 VUs, 826 complete and 0 interrupted iterations
learning_flow   [  89% ] 25 VUs  08m52.0s/10m0s

running (08m53.0s), 25/25 VUs, 828 complete and 0 interrupted iterations
learning_flow   [  89% ] 25 VUs  08m53.0s/10m0s

running (08m54.0s), 25/25 VUs, 828 complete and 0 interrupted iterations
learning_flow   [  89% ] 25 VUs  08m54.0s/10m0s

running (08m55.0s), 25/25 VUs, 832 complete and 0 interrupted iterations
learning_flow   [  89% ] 25 VUs  08m55.0s/10m0s

running (08m56.0s), 25/25 VUs, 833 complete and 0 interrupted iterations
learning_flow   [  89% ] 25 VUs  08m56.0s/10m0s

running (08m57.0s), 25/25 VUs, 834 complete and 0 interrupted iterations
learning_flow   [  90% ] 25 VUs  08m57.0s/10m0s

running (08m58.0s), 25/25 VUs, 834 complete and 0 interrupted iterations
learning_flow   [  90% ] 25 VUs  08m58.0s/10m0s

running (08m59.0s), 25/25 VUs, 835 complete and 0 interrupted iterations
learning_flow   [  90% ] 25 VUs  08m59.0s/10m0s

running (09m00.0s), 25/25 VUs, 835 complete and 0 interrupted iterations
learning_flow   [  90% ] 25 VUs  09m00.0s/10m0s

running (09m01.0s), 25/25 VUs, 839 complete and 0 interrupted iterations
learning_flow   [  90% ] 25 VUs  09m01.0s/10m0s

running (09m02.0s), 25/25 VUs, 841 complete and 0 interrupted iterations
learning_flow   [  90% ] 25 VUs  09m02.0s/10m0s

running (09m03.0s), 25/25 VUs, 846 complete and 0 interrupted iterations
learning_flow   [  90% ] 25 VUs  09m03.0s/10m0s

running (09m04.0s), 25/25 VUs, 849 complete and 0 interrupted iterations
learning_flow   [  91% ] 25 VUs  09m04.0s/10m0s

running (09m05.0s), 25/25 VUs, 851 complete and 0 interrupted iterations
learning_flow   [  91% ] 25 VUs  09m05.0s/10m0s

running (09m06.0s), 25/25 VUs, 853 complete and 0 interrupted iterations
learning_flow   [  91% ] 25 VUs  09m06.0s/10m0s

running (09m07.0s), 25/25 VUs, 856 complete and 0 interrupted iterations
learning_flow   [  91% ] 25 VUs  09m07.0s/10m0s

running (09m08.0s), 25/25 VUs, 858 complete and 0 interrupted iterations
learning_flow   [  91% ] 25 VUs  09m08.0s/10m0s

running (09m09.0s), 25/25 VUs, 860 complete and 0 interrupted iterations
learning_flow   [  91% ] 25 VUs  09m09.0s/10m0s

running (09m10.0s), 25/25 VUs, 860 complete and 0 interrupted iterations
learning_flow   [  92% ] 25 VUs  09m10.0s/10m0s

running (09m11.0s), 25/25 VUs, 861 complete and 0 interrupted iterations
learning_flow   [  92% ] 25 VUs  09m11.0s/10m0s

running (09m12.0s), 25/25 VUs, 861 complete and 0 interrupted iterations
learning_flow   [  92% ] 25 VUs  09m12.0s/10m0s

running (09m13.0s), 25/25 VUs, 861 complete and 0 interrupted iterations
learning_flow   [  92% ] 25 VUs  09m13.0s/10m0s

running (09m14.0s), 25/25 VUs, 862 complete and 0 interrupted iterations
learning_flow   [  92% ] 25 VUs  09m14.0s/10m0s

running (09m15.0s), 25/25 VUs, 862 complete and 0 interrupted iterations
learning_flow   [  92% ] 25 VUs  09m15.0s/10m0s

running (09m16.0s), 25/25 VUs, 863 complete and 0 interrupted iterations
learning_flow   [  93% ] 25 VUs  09m16.0s/10m0s

running (09m17.0s), 25/25 VUs, 864 complete and 0 interrupted iterations
learning_flow   [  93% ] 25 VUs  09m17.0s/10m0s

running (09m18.0s), 25/25 VUs, 868 complete and 0 interrupted iterations
learning_flow   [  93% ] 25 VUs  09m18.0s/10m0s

running (09m19.0s), 25/25 VUs, 871 complete and 0 interrupted iterations
learning_flow   [  93% ] 25 VUs  09m19.0s/10m0s

running (09m20.0s), 25/25 VUs, 875 complete and 0 interrupted iterations
learning_flow   [  93% ] 25 VUs  09m20.0s/10m0s

running (09m21.0s), 25/25 VUs, 880 complete and 0 interrupted iterations
learning_flow   [  93% ] 25 VUs  09m21.0s/10m0s

running (09m22.0s), 25/25 VUs, 881 complete and 0 interrupted iterations
learning_flow   [  94% ] 25 VUs  09m22.0s/10m0s

running (09m23.0s), 25/25 VUs, 881 complete and 0 interrupted iterations
learning_flow   [  94% ] 25 VUs  09m23.0s/10m0s

running (09m24.0s), 25/25 VUs, 884 complete and 0 interrupted iterations
learning_flow   [  94% ] 25 VUs  09m24.0s/10m0s

running (09m25.0s), 25/25 VUs, 885 complete and 0 interrupted iterations
learning_flow   [  94% ] 25 VUs  09m25.0s/10m0s

running (09m26.0s), 25/25 VUs, 885 complete and 0 interrupted iterations
learning_flow   [  94% ] 25 VUs  09m26.0s/10m0s

running (09m27.0s), 25/25 VUs, 885 complete and 0 interrupted iterations
learning_flow   [  95% ] 25 VUs  09m27.0s/10m0s

running (09m28.0s), 25/25 VUs, 888 complete and 0 interrupted iterations
learning_flow   [  95% ] 25 VUs  09m28.0s/10m0s

running (09m29.0s), 25/25 VUs, 888 complete and 0 interrupted iterations
learning_flow   [  95% ] 25 VUs  09m29.0s/10m0s

running (09m30.0s), 25/25 VUs, 893 complete and 0 interrupted iterations
learning_flow   [  95% ] 25 VUs  09m30.0s/10m0s

running (09m31.0s), 25/25 VUs, 895 complete and 0 interrupted iterations
learning_flow   [  95% ] 25 VUs  09m31.0s/10m0s

running (09m32.0s), 25/25 VUs, 897 complete and 0 interrupted iterations
learning_flow   [  95% ] 25 VUs  09m32.0s/10m0s

running (09m33.0s), 25/25 VUs, 901 complete and 0 interrupted iterations
learning_flow   [  95% ] 25 VUs  09m33.0s/10m0s

running (09m34.0s), 25/25 VUs, 902 complete and 0 interrupted iterations
learning_flow   [  96% ] 25 VUs  09m34.0s/10m0s

running (09m35.0s), 25/25 VUs, 907 complete and 0 interrupted iterations
learning_flow   [  96% ] 25 VUs  09m35.0s/10m0s

running (09m36.0s), 25/25 VUs, 910 complete and 0 interrupted iterations
learning_flow   [  96% ] 25 VUs  09m36.0s/10m0s

running (09m37.0s), 25/25 VUs, 911 complete and 0 interrupted iterations
learning_flow   [  96% ] 25 VUs  09m37.0s/10m0s

running (09m38.0s), 25/25 VUs, 912 complete and 0 interrupted iterations
learning_flow   [  96% ] 25 VUs  09m38.0s/10m0s

running (09m39.0s), 25/25 VUs, 913 complete and 0 interrupted iterations
learning_flow   [  96% ] 25 VUs  09m39.0s/10m0s

running (09m40.0s), 25/25 VUs, 914 complete and 0 interrupted iterations
learning_flow   [  97% ] 25 VUs  09m40.0s/10m0s

running (09m41.0s), 25/25 VUs, 914 complete and 0 interrupted iterations
learning_flow   [  97% ] 25 VUs  09m41.0s/10m0s

running (09m42.0s), 25/25 VUs, 914 complete and 0 interrupted iterations
learning_flow   [  97% ] 25 VUs  09m42.0s/10m0s

running (09m43.0s), 25/25 VUs, 915 complete and 0 interrupted iterations
learning_flow   [  97% ] 25 VUs  09m43.0s/10m0s

running (09m44.0s), 25/25 VUs, 916 complete and 0 interrupted iterations
learning_flow   [  97% ] 25 VUs  09m44.0s/10m0s

running (09m45.0s), 25/25 VUs, 917 complete and 0 interrupted iterations
learning_flow   [  97% ] 25 VUs  09m45.0s/10m0s

running (09m46.0s), 25/25 VUs, 920 complete and 0 interrupted iterations
learning_flow   [  98% ] 25 VUs  09m46.0s/10m0s

running (09m47.0s), 25/25 VUs, 921 complete and 0 interrupted iterations
learning_flow   [  98% ] 25 VUs  09m47.0s/10m0s

running (09m48.0s), 25/25 VUs, 924 complete and 0 interrupted iterations
learning_flow   [  98% ] 25 VUs  09m48.0s/10m0s

running (09m49.0s), 25/25 VUs, 926 complete and 0 interrupted iterations
learning_flow   [  98% ] 25 VUs  09m49.0s/10m0s

running (09m50.0s), 25/25 VUs, 927 complete and 0 interrupted iterations
learning_flow   [  98% ] 25 VUs  09m50.0s/10m0s

running (09m51.0s), 25/25 VUs, 929 complete and 0 interrupted iterations
learning_flow   [  98% ] 25 VUs  09m51.0s/10m0s

running (09m52.0s), 25/25 VUs, 929 complete and 0 interrupted iterations
learning_flow   [  99% ] 25 VUs  09m52.0s/10m0s

running (09m53.0s), 25/25 VUs, 933 complete and 0 interrupted iterations
learning_flow   [  99% ] 25 VUs  09m53.0s/10m0s

running (09m54.0s), 25/25 VUs, 936 complete and 0 interrupted iterations
learning_flow   [  99% ] 25 VUs  09m54.0s/10m0s

running (09m55.0s), 25/25 VUs, 937 complete and 0 interrupted iterations
learning_flow   [  99% ] 25 VUs  09m55.0s/10m0s

running (09m56.0s), 25/25 VUs, 938 complete and 0 interrupted iterations
learning_flow   [  99% ] 25 VUs  09m56.0s/10m0s

running (09m57.0s), 25/25 VUs, 940 complete and 0 interrupted iterations
learning_flow   [  99% ] 25 VUs  09m57.0s/10m0s

running (09m58.0s), 25/25 VUs, 942 complete and 0 interrupted iterations
learning_flow   [ 100% ] 25 VUs  09m58.0s/10m0s

running (09m59.0s), 25/25 VUs, 944 complete and 0 interrupted iterations
learning_flow   [ 100% ] 25 VUs  09m59.0s/10m0s

running (10m00.0s), 25/25 VUs, 945 complete and 0 interrupted iterations
learning_flow   [ 100% ] 25 VUs  10m00.0s/10m0s

running (10m01.0s), 21/25 VUs, 949 complete and 0 interrupted iterations
learning_flow ↓ [ 100% ] 25 VUs  10m0s

running (10m02.0s), 20/25 VUs, 950 complete and 0 interrupted iterations
learning_flow ↓ [ 100% ] 25 VUs  10m0s

running (10m03.0s), 17/25 VUs, 953 complete and 0 interrupted iterations
learning_flow ↓ [ 100% ] 25 VUs  10m0s

running (10m04.0s), 16/25 VUs, 954 complete and 0 interrupted iterations
learning_flow ↓ [ 100% ] 25 VUs  10m0s

running (10m05.0s), 09/25 VUs, 961 complete and 0 interrupted iterations
learning_flow ↓ [ 100% ] 25 VUs  10m0s

running (10m06.0s), 03/25 VUs, 967 complete and 0 interrupted iterations
learning_flow ↓ [ 100% ] 25 VUs  10m0s


  █ THRESHOLDS 

    http_req_duration
    ✗ 'p(95)<3000' p(95)=3.1s

      {phase:cold}
      ✓ 'p(95)<3600000' p(95)=3.26s

      {phase:warm}
      ✓ 'p(95)<3600000' p(95)=3.08s

    http_req_failed
    ✓ 'rate<0.01' rate=0.03%

    http_reqs
    ✓ 'rate>1' rate=22.35615/s

      {phase:cold}
      ✓ 'count>=0' count=1652

      {phase:warm}
      ✓ 'count>=0' count=11898

    learning_answers_submitted
    ✓ 'count>0' count=9668

    learning_attendance_blocked
    ✓ 'count==0' count=0


  █ TOTAL RESULTS 

    checks_total.......: 13550  22.35615/s
    checks_succeeded...: 99.96% 13545 out of 13550
    checks_failed......: 0.03%  5 out of 13550

    ✓ dev-token 200
    ✓ create session 200
    ✓ select student 200
    ✗ select topic 200
      ↳  99% — ✓ 967 / ✗ 3
    ✗ answer 200
      ↳  99% — ✓ 9668 / ✗ 2

    CUSTOM
    learning_answer................: avg=1.29s    min=124.16ms med=1.01s    max=15.11s   p(50)=1.01s    p(90)=2.58s    p(95)=3.28s    p(99)=5.32s   
    learning_answers_submitted.....: 9668   15.951236/s
    learning_attendance_blocked....: 0      0/s
    learning_create_session........: avg=84.34ms  min=54.43ms  med=64.93ms  max=662.97ms p(50)=64.93ms  p(90)=119.67ms p(95)=144.14ms p(99)=397.47ms
    learning_dev_token.............: avg=92.97ms  min=55.49ms  med=70.8ms   max=626.1ms  p(50)=70.8ms   p(90)=133.12ms p(95)=187.64ms p(99)=406.14ms
    learning_flow_total............: avg=15.59s   min=5.33s    med=14.87s   max=35.07s   p(50)=14.87s   p(90)=22.18s   p(95)=24.47s   p(99)=27.97s  
    learning_select_student........: avg=942.78ms min=87.72ms  med=725.82ms max=6.05s    p(50)=725.82ms p(90)=1.91s    p(95)=2.44s    p(99)=3.38s   
    learning_select_topic..........: avg=1.56s    min=141.08ms med=1.25s    max=10.95s   p(50)=1.25s    p(90)=2.82s    p(95)=3.68s    p(99)=5.51s   
    learning_status_4xx............: 5      0.00825/s
    learning_status_5xx............: 0      0/s

    HTTP
    http_req_duration..............: avg=1.11s    min=54.43ms  med=832.82ms max=15.11s   p(50)=832.82ms p(90)=2.38s    p(95)=3.1s     p(99)=4.95s   
      { expected_response:true }...: avg=1.11s    min=54.43ms  med=833.15ms max=15.11s   p(50)=833.15ms p(90)=2.38s    p(95)=3.1s     p(99)=4.95s   
      { phase:cold }...............: avg=1.05s    min=55.36ms  med=646.73ms max=7.58s    p(50)=646.73ms p(90)=2.39s    p(95)=3.26s    p(99)=5.51s   
      { phase:warm }...............: avg=1.12s    min=54.43ms  med=858.56ms max=15.11s   p(50)=858.56ms p(90)=2.38s    p(95)=3.08s    p(99)=4.83s   
    http_req_failed................: 0.03%  5 out of 13550
    http_reqs......................: 13550  22.35615/s
      { phase:cold }...............: 1652   2.725635/s
      { phase:warm }...............: 11898  19.630514/s

    EXECUTION
    iteration_duration.............: avg=15.56s   min=3.06s    med=14.84s   max=35.07s   p(50)=14.84s   p(90)=22.16s   p(95)=24.46s   p(99)=27.96s  
    iterations.....................: 970    1.600403/s
    vus............................: 3      min=3          max=25
    vus_max........................: 25     min=25         max=25

    NETWORK
    data_received..................: 51 MB  85 kB/s
    data_sent......................: 3.7 MB 6.1 kB/s




running (10m06.1s), 00/25 VUs, 970 complete and 0 interrupted iterations
learning_flow ✓ [ 100% ] 25 VUs  10m0s
time="2026-08-29T19:56:56Z" level=error msg="thresholds on metrics 'http_req_duration' have been crossed"
make: *** [load-staging-learning-sustained] Error 99
