
         /\      Grafana   /‾‾/  
    /\  /  \     |\  __   /  /   
   /  \/    \    | |/ /  /   ‾‾\ 
  /          \   |   (  |  (‾)  |
 / __________ \  |_|\_\  \_____/ 


     execution: local
        script: -
        output: -

     scenarios: (100.00%) 1 scenario, 10 max VUs, 10m30s max duration (incl. graceful stop):
              * learning_flow: 1 iterations for each of 10 VUs (maxDuration: 10m0s, gracefulStop: 30s)


running (00m01.0s), 10/10 VUs, 0 complete and 0 interrupted iterations
learning_flow   [   0% ] 10 VUs  00m01.0s/10m0s  00/10 iters, 1 per VU

running (00m02.0s), 10/10 VUs, 0 complete and 0 interrupted iterations
learning_flow   [   0% ] 10 VUs  00m02.0s/10m0s  00/10 iters, 1 per VU

running (00m03.0s), 10/10 VUs, 0 complete and 0 interrupted iterations
learning_flow   [   0% ] 10 VUs  00m03.0s/10m0s  00/10 iters, 1 per VU

running (00m04.0s), 10/10 VUs, 0 complete and 0 interrupted iterations
learning_flow   [   0% ] 10 VUs  00m04.0s/10m0s  00/10 iters, 1 per VU

running (00m05.0s), 10/10 VUs, 0 complete and 0 interrupted iterations
learning_flow   [   0% ] 10 VUs  00m05.0s/10m0s  00/10 iters, 1 per VU

running (00m06.0s), 07/10 VUs, 3 complete and 0 interrupted iterations
learning_flow   [  30% ] 10 VUs  00m06.0s/10m0s  03/10 iters, 1 per VU


  █ THRESHOLDS 

    http_req_duration
    ✓ 'p(95)<3000' p(95)=770.45ms

      {phase:cold}
      ✓ 'p(95)<3600000' p(95)=0s

      {phase:warm}
      ✓ 'p(95)<3600000' p(95)=770.45ms

    http_req_failed
    ✓ 'rate<0.01' rate=0.00%

    http_reqs
    ✓ 'rate>1' rate=21.723524/s

      {phase:cold}
      ✓ 'count>=0' count=0

      {phase:warm}
      ✓ 'count>=0' count=140

    learning_answers_submitted
    ✓ 'count>0' count=100

    learning_attendance_blocked
    ✓ 'count==0' count=0


  █ TOTAL RESULTS 

    checks_total.......: 140     21.723524/s
    checks_succeeded...: 100.00% 140 out of 140
    checks_failed......: 0.00%   0 out of 140

    ✓ dev-token 200
    ✓ create session 200
    ✓ select student 200
    ✓ select topic 200
    ✓ answer 200

    CUSTOM
    learning_answer................: avg=493.08ms min=118.47ms med=520.39ms max=889.83ms p(50)=520.39ms p(90)=725.9ms  p(95)=798.94ms p(99)=838.91ms
    learning_answers_submitted.....: 100    15.516803/s
    learning_attendance_blocked....: 0      0/s
    learning_create_session........: avg=69.65ms  min=57.91ms  med=65.42ms  max=90.98ms  p(50)=65.42ms  p(90)=87.9ms   p(95)=89.44ms  p(99)=90.67ms 
    learning_dev_token.............: avg=103.42ms min=93.98ms  med=96.7ms   max=117.3ms  p(50)=96.7ms   p(90)=116.6ms  p(95)=116.95ms p(99)=117.23ms
    learning_flow_total............: avg=6.06s    min=5.68s    med=6.07s    max=6.44s    p(50)=6.07s    p(90)=6.41s    p(95)=6.43s    p(99)=6.44s   
    learning_select_student........: avg=246.74ms min=156.45ms med=243.44ms max=311.74ms p(50)=243.44ms p(90)=310.1ms  p(95)=310.92ms p(99)=311.58ms
    learning_select_topic..........: avg=515.51ms min=359.04ms med=455.09ms max=759.63ms p(50)=455.09ms p(90)=714.58ms p(95)=737.1ms  p(99)=755.12ms
    learning_status_4xx............: 0      0/s
    learning_status_5xx............: 0      0/s

    HTTP
    http_req_duration..............: avg=419.01ms min=57.91ms  med=429.39ms max=889.83ms p(50)=429.39ms p(90)=709.79ms p(95)=770.45ms p(99)=826.93ms
      { expected_response:true }...: avg=419.01ms min=57.91ms  med=429.39ms max=889.83ms p(50)=429.39ms p(90)=709.79ms p(95)=770.45ms p(99)=826.93ms
      { phase:cold }...............: avg=0s       min=0s       med=0s       max=0s       p(50)=0s       p(90)=0s       p(95)=0s       p(99)=0s      
      { phase:warm }...............: avg=419.01ms min=57.91ms  med=429.39ms max=889.83ms p(50)=429.39ms p(90)=709.79ms p(95)=770.45ms p(99)=826.93ms
    http_req_failed................: 0.00%  0 out of 140
    http_reqs......................: 140    21.723524/s
      { phase:cold }...............: 0      0/s
      { phase:warm }...............: 140    21.723524/s

    EXECUTION
    iteration_duration.............: avg=6.06s    min=5.68s    med=6.07s    max=6.44s    p(50)=6.07s    p(90)=6.41s    p(95)=6.43s    p(99)=6.44s   
    iterations.....................: 10     1.55168/s
    vus............................: 7      min=7        max=10
    vus_max........................: 10     min=10       max=10

    NETWORK
    data_received..................: 581 kB 90 kB/s
    data_sent......................: 55 kB  8.5 kB/s




running (00m06.4s), 00/10 VUs, 10 complete and 0 interrupted iterations
learning_flow ✓ [ 100% ] 10 VUs  00m06.4s/10m0s  10/10 iters, 1 per VU
